Archive member included to satisfy reference by file (symbol)

C:/ST/STM32CubeIDE_1.13.2/STM32CubeIDE/plugins/com.st.stm32cube.ide.mcu.externaltools.gnu-tools-for-stm32.11.3.rel1.win32_1.1.100.202309141235/tools/bin/../lib/gcc/arm-none-eabi/11.3.1/../../../../arm-none-eabi/lib/thumb/v7e-m+fp/hard\libc_nano.a(libc_a-exit.o)
                              C:/ST/STM32CubeIDE_1.13.2/STM32CubeIDE/plugins/com.st.stm32cube.ide.mcu.externaltools.gnu-tools-for-stm32.11.3.rel1.win32_1.1.100.202309141235/tools/bin/../lib/gcc/arm-none-eabi/11.3.1/../../../../arm-none-eabi/lib/thumb/v7e-m+fp/hard/crt0.o (exit)
C:/ST/STM32CubeIDE_1.13.2/STM32CubeIDE/plugins/com.st.stm32cube.ide.mcu.externaltools.gnu-tools-for-stm32.11.3.rel1.win32_1.1.100.202309141235/tools/bin/../lib/gcc/arm-none-eabi/11.3.1/../../../../arm-none-eabi/lib/thumb/v7e-m+fp/hard\libc_nano.a(libc_a-malloc.o)
                              ./Middlewares/ST/STM32_USB_Host_Library/Class/CDC/Src/usbh_cdc.o (malloc)
C:/ST/STM32CubeIDE_1.13.2/STM32CubeIDE/plugins/com.st.stm32cube.ide.mcu.externaltools.gnu-tools-for-stm32.11.3.rel1.win32_1.1.100.202309141235/tools/bin/../lib/gcc/arm-none-eabi/11.3.1/../../../../arm-none-eabi/lib/thumb/v7e-m+fp/hard\libc_nano.a(libc_a-mallocr.o)
                              C:/ST/STM32CubeIDE_1.13.2/STM32CubeIDE/plugins/com.st.stm32cube.ide.mcu.externaltools.gnu-tools-for-stm32.11.3.rel1.win32_1.1.100.202309141235/tools/bin/../lib/gcc/arm-none-eabi/11.3.1/../../../../arm-none-eabi/lib/thumb/v7e-m+fp/hard\libc_nano.a(libc_a-malloc.o) (_malloc_r)
C:/ST/STM32CubeIDE_1.13.2/STM32CubeIDE/plugins/com.st.stm32cube.ide.mcu.externaltools.gnu-tools-for-stm32.11.3.rel1.win32_1.1.100.202309141235/tools/bin/../lib/gcc/arm-none-eabi/11.3.1/../../../../arm-none-eabi/lib/thumb/v7e-m+fp/hard\libc_nano.a(libc_a-mlock.o)
                              C:/ST/STM32CubeIDE_1.13.2/STM32CubeIDE/plugins/com.st.stm32cube.ide.mcu.externaltools.gnu-tools-for-stm32.11.3.rel1.win32_1.1.100.202309141235/tools/bin/../lib/gcc/arm-none-eabi/11.3.1/../../../../arm-none-eabi/lib/thumb/v7e-m+fp/hard\libc_nano.a(libc_a-mallocr.o) (__malloc_lock)
C:/ST/STM32CubeIDE_1.13.2/STM32CubeIDE/plugins/com.st.stm32cube.ide.mcu.externaltools.gnu-tools-for-stm32.11.3.rel1.win32_1.1.100.202309141235/tools/bin/../lib/gcc/arm-none-eabi/11.3.1/../../../../arm-none-eabi/lib/thumb/v7e-m+fp/hard\libc_nano.a(libc_a-findfp.o)
                              C:/ST/STM32CubeIDE_1.13.2/STM32CubeIDE/plugins/com.st.stm32cube.ide.mcu.externaltools.gnu-tools-for-stm32.11.3.rel1.win32_1.1.100.202309141235/tools/bin/../lib/gcc/arm-none-eabi/11.3.1/../../../../arm-none-eabi/lib/thumb/v7e-m+fp/hard\libc_nano.a(libc_a-exit.o) (__stdio_exit_handler)
C:/ST/STM32CubeIDE_1.13.2/STM32CubeIDE/plugins/com.st.stm32cube.ide.mcu.externaltools.gnu-tools-for-stm32.11.3.rel1.win32_1.1.100.202309141235/tools/bin/../lib/gcc/arm-none-eabi/11.3.1/../../../../arm-none-eabi/lib/thumb/v7e-m+fp/hard\libc_nano.a(libc_a-fwalk.o)
                              C:/ST/STM32CubeIDE_1.13.2/STM32CubeIDE/plugins/com.st.stm32cube.ide.mcu.externaltools.gnu-tools-for-stm32.11.3.rel1.win32_1.1.100.202309141235/tools/bin/../lib/gcc/arm-none-eabi/11.3.1/../../../../arm-none-eabi/lib/thumb/v7e-m+fp/hard\libc_nano.a(libc_a-findfp.o) (_fwalk_sglue)
C:/ST/STM32CubeIDE_1.13.2/STM32CubeIDE/plugins/com.st.stm32cube.ide.mcu.externaltools.gnu-tools-for-stm32.11.3.rel1.win32_1.1.100.202309141235/tools/bin/../lib/gcc/arm-none-eabi/11.3.1/../../../../arm-none-eabi/lib/thumb/v7e-m+fp/hard\libc_nano.a(libc_a-stdio.o)
                              C:/ST/STM32CubeIDE_1.13.2/STM32CubeIDE/plugins/com.st.stm32cube.ide.mcu.externaltools.gnu-tools-for-stm32.11.3.rel1.win32_1.1.100.202309141235/tools/bin/../lib/gcc/arm-none-eabi/11.3.1/../../../../arm-none-eabi/lib/thumb/v7e-m+fp/hard\libc_nano.a(libc_a-findfp.o) (__sread)
C:/ST/STM32CubeIDE_1.13.2/STM32CubeIDE/plugins/com.st.stm32cube.ide.mcu.externaltools.gnu-tools-for-stm32.11.3.rel1.win32_1.1.100.202309141235/tools/bin/../lib/gcc/arm-none-eabi/11.3.1/../../../../arm-none-eabi/lib/thumb/v7e-m+fp/hard\libc_nano.a(libc_a-memset.o)
                              C:/ST/STM32CubeIDE_1.13.2/STM32CubeIDE/plugins/com.st.stm32cube.ide.mcu.externaltools.gnu-tools-for-stm32.11.3.rel1.win32_1.1.100.202309141235/tools/bin/../lib/gcc/arm-none-eabi/11.3.1/../../../../arm-none-eabi/lib/thumb/v7e-m+fp/hard/crt0.o (memset)
C:/ST/STM32CubeIDE_1.13.2/STM32CubeIDE/plugins/com.st.stm32cube.ide.mcu.externaltools.gnu-tools-for-stm32.11.3.rel1.win32_1.1.100.202309141235/tools/bin/../lib/gcc/arm-none-eabi/11.3.1/../../../../arm-none-eabi/lib/thumb/v7e-m+fp/hard\libc_nano.a(libc_a-closer.o)
                              C:/ST/STM32CubeIDE_1.13.2/STM32CubeIDE/plugins/com.st.stm32cube.ide.mcu.externaltools.gnu-tools-for-stm32.11.3.rel1.win32_1.1.100.202309141235/tools/bin/../lib/gcc/arm-none-eabi/11.3.1/../../../../arm-none-eabi/lib/thumb/v7e-m+fp/hard\libc_nano.a(libc_a-stdio.o) (_close_r)
[...]
Memory Configuration

Name             Origin             Length             Attributes
CCMRAM           0x0000000010000000 0x0000000000010000 xrw
RAM              0x0000000020000000 0x0000000000020000 xrw
FLASH            0x0000000008000000 0x0000000000100000 xr
*default*        0x0000000000000000 0xffffffffffffffff

Linker script and memory map

LOAD C:/ST/STM32CubeIDE_1.13.2/STM32CubeIDE/plugins/com.st.stm32cube.ide.mcu.externaltools.gnu-tools-for-stm32.11.3.rel1.win32_1.1.100.202309141235/tools/bin/../lib/gcc/arm-none-eabi/11.3.1/thumb/v7e-m+fp/hard/crti.o
LOAD C:/ST/STM32CubeIDE_1.13.2/STM32CubeIDE/plugins/com.st.stm32cube.ide.mcu.externaltools.gnu-tools-for-stm32.11.3.rel1.win32_1.1.100.202309141235/tools/bin/../lib/gcc/arm-none-eabi/11.3.1/thumb/v7e-m+fp/hard/crtbegin.o
LOAD C:/ST/STM32CubeIDE_1.13.2/STM32CubeIDE/plugins/com.st.stm32cube.ide.mcu.externaltools.gnu-tools-for-stm32.11.3.rel1.win32_1.1.100.202309141235/tools/bin/../lib/gcc/arm-none-eabi/11.3.1/../../../../arm-none-eabi/lib/thumb/v7e-m+fp/hard/crt0.o
LOAD ./Core/Src/SSD1322_OLED_lib/SSD1322_API.o
LOAD ./Core/Src/SSD1322_OLED_lib/SSD1322_GFX.o
LOAD ./Core/Src/SSD1322_OLED_lib/SSD1322_HW_Driver.o
LOAD ./Core/Src/main.o
LOAD ./Core/Src/stm32f4xx_hal_msp.o
LOAD ./Core/Src/stm32f4xx_it.o
LOAD ./Core/Src/syscalls.o
LOAD ./Core/Src/sysmem.o
LOAD ./Core/Src/system_stm32f4xx.o
LOAD ./Core/Startup/startup_stm32f407vgtx.o
LOAD ./Drivers/STM32F4xx_HAL_Driver/Src/stm32f4xx_hal.o
LOAD ./Drivers/STM32F4xx_HAL_Driver/Src/stm32f4xx_hal_cortex.o
LOAD ./Drivers/STM32F4xx_HAL_Driver/Src/stm32f4xx_hal_dma.o
LOAD ./Drivers/STM32F4xx_HAL_Driver/Src/stm32f4xx_hal_dma_ex.o
LOAD ./Drivers/STM32F4xx_HAL_Driver/Src/stm32f4xx_hal_exti.o
LOAD ./Drivers/STM32F4xx_HAL_Driver/Src/stm32f4xx_hal_flash.o
LOAD ./Drivers/STM32F4xx_HAL_Driver/Src/stm32f4xx_hal_flash_ex.o
LOAD ./Drivers/STM32F4xx_HAL_Driver/Src/stm32f4xx_hal_flash_ramfunc.o
LOAD ./Drivers/STM32F4xx_HAL_Driver/Src/stm32f4xx_hal_gpio.o
LOAD ./Drivers/STM32F4xx_HAL_Driver/Src/stm32f4xx_hal_hcd.o
LOAD ./Drivers/STM32F4xx_HAL_Driver/Src/stm32f4xx_hal_i2s.o
LOAD ./Drivers/STM32F4xx_HAL_Driver/Src/stm32f4xx_hal_i2s_ex.o
LOAD ./Drivers/STM32F4xx_HAL_Driver/Src/stm32f4xx_hal_pwr.o
LOAD ./Drivers/STM32F4xx_HAL_Driver/Src/stm32f4xx_hal_pwr_ex.o
LOAD ./Drivers/STM32F4xx_HAL_Driver/Src/stm32f4xx_hal_rcc.o
LOAD ./Drivers/STM32F4xx_HAL_Driver/Src/stm32f4xx_hal_rcc_ex.o
LOAD ./Drivers/STM32F4xx_HAL_Driver/Src/stm32f4xx_hal_spi.o
LOAD ./Drivers/STM32F4xx_HAL_Driver/Src/stm32f4xx_hal_tim.o
LOAD ./Drivers/STM32F4xx_HAL_Driver/Src/stm32f4xx_hal_tim_ex.o
LOAD ./Drivers/STM32F4xx_HAL_Driver/Src/stm32f4xx_ll_usb.o
LOAD ./Middlewares/ST/STM32_USB_Host_Library/Class/CDC/Src/usbh_cdc.o
LOAD ./Middlewares/ST/STM32_USB_Host_Library/Core/Src/usbh_core.o
LOAD ./Middlewares/ST/STM32_USB_Host_Library/Core/Src/usbh_ctlreq.o
LOAD ./Middlewares/ST/STM32_USB_Host_Library/Core/Src/usbh_ioreq.o
LOAD ./Middlewares/ST/STM32_USB_Host_Library/Core/Src/usbh_pipes.o
LOAD ./USB_HOST/App/usb_host.o
LOAD ./USB_HOST/Target/usbh_conf.o
LOAD ./USB_HOST/Target/usbh_platform.o
START GROUP
LOAD C:/ST/STM32CubeIDE_1.13.2/STM32CubeIDE/plugins/com.st.stm32cube.ide.mcu.externaltools.gnu-tools-for-stm32.11.3.rel1.win32_1.1.100.202309141235/tools/bin/../lib/gcc/arm-none-eabi/11.3.1/../../../../arm-none-eabi/lib/thumb/v7e-m+fp/hard\libc_nano.a
LOAD C:/ST/STM32CubeIDE_1.13.2/STM32CubeIDE/plugins/com.st.stm32cube.ide.mcu.externaltools.gnu-tools-for-stm32.11.3.rel1.win32_1.1.100.202309141235/tools/bin/../lib/gcc/arm-none-eabi/11.3.1/../../../../arm-none-eabi/lib/thumb/v7e-m+fp/hard\libm.a
END GROUP
START GROUP
LOAD C:/ST/STM32CubeIDE_1.13.2/STM32CubeIDE/plugins/com.st.stm32cube.ide.mcu.externaltools.gnu-tools-for-stm32.11.3.rel1.win32_1.1.100.202309141235/tools/bin/../lib/gcc/arm-none-eabi/11.3.1/thumb/v7e-m+fp/hard\libgcc.a
LOAD C:/ST/STM32CubeIDE_1.13.2/STM32CubeIDE/plugins/com.st.stm32cube.ide.mcu.externaltools.gnu-tools-for-stm32.11.3.rel1.win32_1.1.100.202309141235/tools/bin/../lib/gcc/arm-none-eabi/11.3.1/../../../../arm-none-eabi/lib/thumb/v7e-m+fp/hard\libc_nano.a
END GROUP
START GROUP
LOAD C:/ST/STM32CubeIDE_1.13.2/STM32CubeIDE/plugins/com.st.stm32cube.ide.mcu.externaltools.gnu-tools-for-stm32.11.3.rel1.win32_1.1.100.202309141235/tools/bin/../lib/gcc/arm-none-eabi/11.3.1/thumb/v7e-m+fp/hard\libgcc.a
LOAD C:/ST/STM32CubeIDE_1.13.2/STM32CubeIDE/plugins/com.st.stm32cube.ide.mcu.externaltools.gnu-tools-for-stm32.11.3.rel1.win32_1.1.100.202309141235/tools/bin/../lib/gcc/arm-none-eabi/11.3.1/../../../../arm-none-eabi/lib/thumb/v7e-m+fp/hard\libc_nano.a
LOAD C:/ST/STM32CubeIDE_1.13.2/STM32CubeIDE/plugins/com.st.stm32cube.ide.mcu.externaltools.gnu-tools-for-stm32.11.3.rel1.win32_1.1.100.202309141235/tools/bin/../lib/gcc/arm-none-eabi/11.3.1/../../../../arm-none-eabi/lib/thumb/v7e-m+fp/hard\libnosys.a
END GROUP
START GROUP
LOAD C:/ST/STM32CubeIDE_1.13.2/STM32CubeIDE/plugins/com.st.stm32cube.ide.mcu.externaltools.gnu-tools-for-stm32.11.3.rel1.win32_1.1.100.202309141235/tools/bin/../lib/gcc/arm-none-eabi/11.3.1/thumb/v7e-m+fp/hard\libgcc.a
LOAD C:/ST/STM32CubeIDE_1.13.2/STM32CubeIDE/plugins/com.st.stm32cube.ide.mcu.externaltools.gnu-tools-for-stm32.11.3.rel1.win32_1.1.100.202309141235/tools/bin/../lib/gcc/arm-none-eabi/11.3.1/../../../../arm-none-eabi/lib/thumb/v7e-m+fp/hard\libc_nano.a
LOAD C:/ST/STM32CubeIDE_1.13.2/STM32CubeIDE/plugins/com.st.stm32cube.ide.mcu.externaltools.gnu-tools-for-stm32.11.3.rel1.win32_1.1.100.202309141235/tools/bin/../lib/gcc/arm-none-eabi/11.3.1/../../../../arm-none-eabi/lib/thumb/v7e-m+fp/hard\libnosys.a
END GROUP
LOAD C:/ST/STM32CubeIDE_1.13.2/STM32CubeIDE/plugins/com.st.stm32cube.ide.mcu.externaltools.gnu-tools-for-stm32.11.3.rel1.win32_1.1.100.202309141235/tools/bin/../lib/gcc/arm-none-eabi/11.3.1/thumb/v7e-m+fp/hard/crtend.o
LOAD C:/ST/STM32CubeIDE_1.13.2/STM32CubeIDE/plugins/com.st.stm32cube.ide.mcu.externaltools.gnu-tools-for-stm32.11.3.rel1.win32_1.1.100.202309141235/tools/bin/../lib/gcc/arm-none-eabi/11.3.1/thumb/v7e-m+fp/hard/crtn.o
                0x0000000020020000                _estack = (ORIGIN (RAM) + LENGTH (RAM))
                0x0000000000000200                _Min_Heap_Size = 0x200
                0x0000000000000400                _Min_Stack_Size = 0x400

.isr_vector     0x0000000008000000      0x188
                0x0000000008000000                . = ALIGN (0x4)
 *(.isr_vector)
 .isr_vector    0x0000000008000000      0x188 ./Core/Startup/startup_stm32f407vgtx.o
                0x0000000008000000                g_pfnVectors
                0x0000000008000188                . = ALIGN (0x4)

.text           0x0000000008000188     0xb1e0
                0x0000000008000188                . = ALIGN (0x4)
 *(.text)
 .text          0x0000000008000188       0x40 C:/ST/STM32CubeIDE_1.13.2/STM32CubeIDE/plugins/com.st.stm32cube.ide.mcu.externaltools.gnu-tools-for-stm32.11.3.rel1.win32_1.1.100.202309141235/tools/bin/../lib/gcc/arm-none-eabi/11.3.1/thumb/v7e-m+fp/hard/crtbegin.o
 .text          0x00000000080001c8      0x254 C:/ST/STM32CubeIDE_1.13.2/STM32CubeIDE/plugins/com.st.stm32cube.ide.mcu.externaltools.gnu-tools-for-stm32.11.3.rel1.win32_1.1.100.202309141235/tools/bin/../lib/gcc/arm-none-eabi/11.3.1/thumb/v7e-m+fp/hard\libgcc.a(_arm_muldf3.o)
                0x00000000080001c8                __muldf3
                0x00000000080001c8                __aeabi_dmul
 .text          0x000000000800041c      0x378 C:/ST/STM32CubeIDE_1.13.2/STM32CubeIDE/plugins/com.st.stm32cube.ide.mcu.externaltools.gnu-tools-for-stm32.11.3.rel1.win32_1.1.100.202309141235/tools/bin/../lib/gcc/arm-none-eabi/11.3.1/thumb/v7e-m+fp/hard\libgcc.a(_arm_addsubdf3.o)
                0x000000000800041c                __aeabi_drsub
                0x0000000008000424                __aeabi_dsub
                0x0000000008000424                __subdf3
                0x0000000008000428                __aeabi_dadd
                0x0000000008000428                __adddf3
                0x00000000080006a0                __floatunsidf
                0x00000000080006a0                __aeabi_ui2d
                0x00000000080006c0                __floatsidf
                0x00000000080006c0                __aeabi_i2d
                0x00000000080006e4                __aeabi_f2d
                0x00000000080006e4                __extendsfdf2
                0x0000000008000728                __floatundidf
                0x0000000008000728                __aeabi_ul2d
                0x0000000008000738                __floatdidf
                0x0000000008000738                __aeabi_l2d
 .text          0x0000000008000794      0x110 C:/ST/STM32CubeIDE_1.13.2/STM32CubeIDE/plugins/com.st.stm32cube.ide.mcu.externaltools.gnu-tools-for-stm32.11.3.rel1.win32_1.1.100.202309141235/tools/bin/../lib/gcc/arm-none-eabi/11.3.1/thumb/v7e-m+fp/hard\libgcc.a(_arm_cmpdf2.o)
                0x0000000008000794                __gtdf2
                0x0000000008000794                __gedf2
                0x000000000800079c                __ltdf2
                0x000000000800079c                __ledf2
                0x00000000080007a4                __nedf2
                0x00000000080007a4                __eqdf2
                0x00000000080007a4                __cmpdf2
                0x0000000008000820                __aeabi_cdrcmple
                0x0000000008000830                __aeabi_cdcmpeq
                0x0000000008000830                __aeabi_cdcmple
                0x0000000008000840                __aeabi_dcmpeq
                0x0000000008000854                __aeabi_dcmplt
                0x0000000008000868                __aeabi_dcmple
                0x000000000800087c                __aeabi_dcmpge
                0x0000000008000890                __aeabi_dcmpgt
 .text          0x00000000080008a4       0x40 C:/ST/STM32CubeIDE_1.13.2/STM32CubeIDE/plugins/com.st.stm32cube.ide.mcu.externaltools.gnu-tools-for-stm32.11.3.rel1.win32_1.1.100.202309141235/tools/bin/../lib/gcc/arm-none-eabi/11.3.1/thumb/v7e-m+fp/hard\libgcc.a(_arm_fixunsdfsi.o)
                0x00000000080008a4                __aeabi_d2uiz
                0x00000000080008a4                __fixunsdfsi
 .text          0x00000000080008e4       0xa0 C:/ST/STM32CubeIDE_1.13.2/STM32CubeIDE/plugins/com.st.stm32cube.ide.mcu.externaltools.gnu-tools-for-stm32.11.3.rel1.win32_1.1.100.202309141235/tools/bin/../lib/gcc/arm-none-eabi/11.3.1/thumb/v7e-m+fp/hard\libgcc.a(_arm_truncdfsf2.o)
                0x00000000080008e4                __truncdfsf2
                0x00000000080008e4                __aeabi_d2f
 .text          0x0000000008000984       0x30 C:/ST/STM32CubeIDE_1.13.2/STM32CubeIDE/plugins/com.st.stm32cube.ide.mcu.externaltools.gnu-tools-for-stm32.11.3.rel1.win32_1.1.100.202309141235/tools/bin/../lib/gcc/arm-none-eabi/11.3.1/thumb/v7e-m+fp/hard\libgcc.a(_aeabi_uldivmod.o)
                0x0000000008000984                __aeabi_uldivmod
 .text          0x00000000080009b4      0x2c8 C:/ST/STM32CubeIDE_1.13.2/STM32CubeIDE/plugins/com.st.stm32cube.ide.mcu.externaltools.gnu-tools-for-stm32.11.3.rel1.win32_1.1.100.202309141235/tools/bin/../lib/gcc/arm-none-eabi/11.3.1/thumb/v7e-m+fp/hard\libgcc.a(_udivmoddi4.o)
                0x00000000080009b4                __udivmoddi4
 .text          0x0000000008000c7c        0x4 C:/ST/STM32CubeIDE_1.13.2/STM32CubeIDE/plugins/com.st.stm32cube.ide.mcu.externaltools.gnu-tools-for-stm32.11.3.rel1.win32_1.1.100.202309141235/tools/bin/../lib/gcc/arm-none-eabi/11.3.1/thumb/v7e-m+fp/hard\libgcc.a(_dvmd_tls.o)
                0x0000000008000c7c                __aeabi_idiv0
                0x0000000008000c7c                __aeabi_ldiv0
 *(.text*)
 .text.SSD1322_API_command
                0x0000000008000c80       0x26 ./Core/Src/SSD1322_OLED_lib/SSD1322_API.o
                0x0000000008000c80                SSD1322_API_command
 .text.SSD1322_API_data
                0x0000000008000ca6       0x26 ./Core/Src/SSD1322_OLED_lib/SSD1322_API.o
                0x0000000008000ca6                SSD1322_API_data
 .text.SSD1322_API_init
                0x0000000008000ccc      0x118 ./Core/Src/SSD1322_OLED_lib/SSD1322_API.o
                0x0000000008000ccc                SSD1322_API_init
 .text.SSD1322_API_set_display_mode
                0x0000000008000de4       0x50 ./Core/Src/SSD1322_OLED_lib/SSD1322_API.o
                0x0000000008000de4                SSD1322_API_set_display_mode
 .text.SSD1322_API_sleep_on
                0x0000000008000e34        0xe ./Core/Src/SSD1322_OLED_lib/SSD1322_API.o
                0x0000000008000e34                SSD1322_API_sleep_on
 .text.SSD1322_API_sleep_off
                0x0000000008000e42        0xe ./Core/Src/SSD1322_OLED_lib/SSD1322_API.o
                0x0000000008000e42                SSD1322_API_sleep_off
 .text.SSD1322_API_custom_grayscale
                0x0000000008000e50       0x4e ./Core/Src/SSD1322_OLED_lib/SSD1322_API.o
                0x0000000008000e50                SSD1322_API_custom_grayscale
 .text.SSD1322_API_default_grayscale
                0x0000000008000e9e        0xe ./Core/Src/SSD1322_OLED_lib/SSD1322_API.o
                0x0000000008000e9e                SSD1322_API_default_grayscale
 .text.SSD1322_API_set_window
                0x0000000008000eac       0x5a ./Core/Src/SSD1322_OLED_lib/SSD1322_API.o
                0x0000000008000eac                SSD1322_API_set_window
 .text.SSD1322_API_send_buffer
                0x0000000008000f06       0x2c ./Core/Src/SSD1322_OLED_lib/SSD1322_API.o
                0x0000000008000f06                SSD1322_API_send_buffer
 *fill*         0x0000000008000f32        0x2 
 .text.set_buffer_size
                0x0000000008000f34       0x28 ./Core/Src/SSD1322_OLED_lib/SSD1322_GFX.o
                0x0000000008000f34                set_buffer_size
 .text.fill_buffer
                0x0000000008000f5c       0x60 ./Core/Src/SSD1322_OLED_lib/SSD1322_GFX.o
                0x0000000008000f5c                fill_buffer
 .text.draw_pixel
                0x0000000008000fbc       0xf8 ./Core/Src/SSD1322_OLED_lib/SSD1322_GFX.o
                0x0000000008000fbc                draw_pixel
 .text.draw_vline
                0x00000000080010b4       0x70 ./Core/Src/SSD1322_OLED_lib/SSD1322_GFX.o
                0x00000000080010b4                draw_vline
 .text.draw_hline
                0x0000000008001124       0x70 ./Core/Src/SSD1322_OLED_lib/SSD1322_GFX.o
                0x0000000008001124                draw_hline
 .text.draw_line
                0x0000000008001194      0x154 ./Core/Src/SSD1322_OLED_lib/SSD1322_GFX.o
                0x0000000008001194                draw_line
 .text.draw_AA_line
                0x00000000080012e8      0xb08 ./Core/Src/SSD1322_OLED_lib/SSD1322_GFX.o
                0x00000000080012e8                draw_AA_line
 .text.draw_rect
                0x0000000008001df0       0x6a ./Core/Src/SSD1322_OLED_lib/SSD1322_GFX.o
                0x0000000008001df0                draw_rect
 .text.draw_rect_filled
                0x0000000008001e5a       0x5a ./Core/Src/SSD1322_OLED_lib/SSD1322_GFX.o
                0x0000000008001e5a                draw_rect_filled
 .text.draw_circle
                0x0000000008001eb4      0x1bc ./Core/Src/SSD1322_OLED_lib/SSD1322_GFX.o
                0x0000000008001eb4                draw_circle
 .text.draw_bitmap_8bpp
                0x0000000008002070       0x70 ./Core/Src/SSD1322_OLED_lib/SSD1322_GFX.o
                0x0000000008002070                draw_bitmap_8bpp
 .text.draw_bitmap_4bpp
                0x00000000080020e0       0xa8 ./Core/Src/SSD1322_OLED_lib/SSD1322_GFX.o
                0x00000000080020e0                draw_bitmap_4bpp
 .text.select_font
                0x0000000008002188       0x20 ./Core/Src/SSD1322_OLED_lib/SSD1322_GFX.o
                0x0000000008002188                select_font
 .text.draw_char
                0x00000000080021a8      0x130 ./Core/Src/SSD1322_OLED_lib/SSD1322_GFX.o
                0x00000000080021a8                draw_char
 .text.draw_text
                0x00000000080022d8       0x68 ./Core/Src/SSD1322_OLED_lib/SSD1322_GFX.o
                0x00000000080022d8                draw_text
 .text.send_buffer_to_OLED
                0x0000000008002340       0x3c ./Core/Src/SSD1322_OLED_lib/SSD1322_GFX.o
                0x0000000008002340                send_buffer_to_OLED
 .text.SSD1322_HW_drive_CS_low
                0x000000000800237c       0x18 ./Core/Src/SSD1322_OLED_lib/SSD1322_HW_Driver.o
                0x000000000800237c                SSD1322_HW_drive_CS_low
 .text.SSD1322_HW_drive_CS_high
                0x0000000008002394       0x18 ./Core/Src/SSD1322_OLED_lib/SSD1322_HW_Driver.o
                0x0000000008002394                SSD1322_HW_drive_CS_high
 .text.SSD1322_HW_drive_DC_low
                0x00000000080023ac       0x18 ./Core/Src/SSD1322_OLED_lib/SSD1322_HW_Driver.o
                0x00000000080023ac                SSD1322_HW_drive_DC_low
 .text.SSD1322_HW_drive_DC_high
                0x00000000080023c4       0x18 ./Core/Src/SSD1322_OLED_lib/SSD1322_HW_Driver.o
                0x00000000080023c4                SSD1322_HW_drive_DC_high
 .text.SSD1322_HW_drive_RESET_low
                0x00000000080023dc       0x18 ./Core/Src/SSD1322_OLED_lib/SSD1322_HW_Driver.o
                0x00000000080023dc                SSD1322_HW_drive_RESET_low
 .text.SSD1322_HW_drive_RESET_high
                0x00000000080023f4       0x18 ./Core/Src/SSD1322_OLED_lib/SSD1322_HW_Driver.o
                0x00000000080023f4                SSD1322_HW_drive_RESET_high
 .text.SSD1322_HW_SPI_send_byte
                0x000000000800240c       0x16 ./Core/Src/SSD1322_OLED_lib/SSD1322_HW_Driver.o
                0x000000000800240c                SSD1322_HW_SPI_send_byte
 *fill*         0x0000000008002422        0x2 
 .text.SSD1322_HW_SPI_send_array
                0x0000000008002424       0x24 ./Core/Src/SSD1322_OLED_lib/SSD1322_HW_Driver.o
                0x0000000008002424                SSD1322_HW_SPI_send_array
 .text.SSD1322_HW_msDelay
                0x0000000008002448       0x16 ./Core/Src/SSD1322_OLED_lib/SSD1322_HW_Driver.o
                0x0000000008002448                SSD1322_HW_msDelay
 *fill*         0x000000000800245e        0x2 
 .text.main     0x0000000008002460      0x4b8 ./Core/Src/main.o
                0x0000000008002460                main
 .text.SystemClock_Config
                0x0000000008002918       0xd4 ./Core/Src/main.o
                0x0000000008002918                SystemClock_Config
 .text.MX_I2S3_Init
                0x00000000080029ec       0x60 ./Core/Src/main.o
 .text.MX_SPI1_Init
                0x0000000008002a4c       0x6c ./Core/Src/main.o
 .text.MX_GPIO_Init
                0x0000000008002ab8      0x260 ./Core/Src/main.o
 .text.Error_Handler
                0x0000000008002d18        0xa ./Core/Src/main.o
                0x0000000008002d18                Error_Handler
 *fill*         0x0000000008002d22        0x2 
 .text.HAL_MspInit
                0x0000000008002d24       0x50 ./Core/Src/stm32f4xx_hal_msp.o
                0x0000000008002d24                HAL_MspInit
 .text.HAL_I2S_MspInit
                0x0000000008002d74      0x100 ./Core/Src/stm32f4xx_hal_msp.o
                0x0000000008002d74                HAL_I2S_MspInit
 .text.HAL_SPI_MspInit
                0x0000000008002e74       0xa0 ./Core/Src/stm32f4xx_hal_msp.o
                0x0000000008002e74                HAL_SPI_MspInit
 .text.NMI_Handler
                0x0000000008002f14        0x6 ./Core/Src/stm32f4xx_it.o
                0x0000000008002f14                NMI_Handler
 .text.HardFault_Handler
                0x0000000008002f1a        0x6 ./Core/Src/stm32f4xx_it.o
                0x0000000008002f1a                HardFault_Handler
 .text.MemManage_Handler
                0x0000000008002f20        0x6 ./Core/Src/stm32f4xx_it.o
                0x0000000008002f20                MemManage_Handler
 .text.BusFault_Handler
                0x0000000008002f26        0x6 ./Core/Src/stm32f4xx_it.o
                0x0000000008002f26                BusFault_Handler
 .text.UsageFault_Handler
                0x0000000008002f2c        0x6 ./Core/Src/stm32f4xx_it.o
                0x0000000008002f2c                UsageFault_Handler
 .text.SVC_Handler
                0x0000000008002f32        0xe ./Core/Src/stm32f4xx_it.o
                0x0000000008002f32                SVC_Handler
 .text.DebugMon_Handler
                0x0000000008002f40        0xe ./Core/Src/stm32f4xx_it.o
                0x0000000008002f40                DebugMon_Handler
 .text.PendSV_Handler
                0x0000000008002f4e        0xe ./Core/Src/stm32f4xx_it.o
                0x0000000008002f4e                PendSV_Handler
 .text.SysTick_Handler
                0x0000000008002f5c        0xc ./Core/Src/stm32f4xx_it.o
                0x0000000008002f5c                SysTick_Handler
 .text.SPI1_IRQHandler
                0x0000000008002f68       0x14 ./Core/Src/stm32f4xx_it.o
                0x0000000008002f68                SPI1_IRQHandler
 .text.OTG_FS_IRQHandler
                0x0000000008002f7c       0x14 ./Core/Src/stm32f4xx_it.o
                0x0000000008002f7c                OTG_FS_IRQHandler
 .text._sbrk    0x0000000008002f90       0x6c ./Core/Src/sysmem.o
                0x0000000008002f90                _sbrk
 .text.SystemInit
                0x0000000008002ffc       0x24 ./Core/Src/system_stm32f4xx.o
                0x0000000008002ffc                SystemInit
 .text.Reset_Handler
                0x0000000008003020       0x50 ./Core/Startup/startup_stm32f407vgtx.o
                0x0000000008003020                Reset_Handler
 .text.Default_Handler
                0x0000000008003070        0x2 ./Core/Startup/startup_stm32f407vgtx.o
                0x0000000008003070                RTC_Alarm_IRQHandler
                0x0000000008003070                HASH_RNG_IRQHandler
                0x0000000008003070                EXTI2_IRQHandler
                0x0000000008003070                TIM8_CC_IRQHandler
                0x0000000008003070                TIM1_CC_IRQHandler
                0x0000000008003070                DMA2_Stream5_IRQHandler
                0x0000000008003070                DMA1_Stream5_IRQHandler
                0x0000000008003070                PVD_IRQHandler
                0x0000000008003070                SDIO_IRQHandler
                0x0000000008003070                TAMP_STAMP_IRQHandler
                0x0000000008003070                CAN2_RX1_IRQHandler
                0x0000000008003070                EXTI3_IRQHandler
                0x0000000008003070                TIM8_TRG_COM_TIM14_IRQHandler
                0x0000000008003070                TIM1_UP_TIM10_IRQHandler
                0x0000000008003070                TIM8_UP_TIM13_IRQHandler
                0x0000000008003070                I2C3_ER_IRQHandler
                0x0000000008003070                EXTI0_IRQHandler
                0x0000000008003070                I2C2_EV_IRQHandler
                0x0000000008003070                DMA1_Stream2_IRQHandler
                0x0000000008003070                CAN1_RX0_IRQHandler
                0x0000000008003070                FPU_IRQHandler
                0x0000000008003070                OTG_HS_WKUP_IRQHandler
                0x0000000008003070                CAN2_SCE_IRQHandler
                0x0000000008003070                DMA2_Stream2_IRQHandler
                0x0000000008003070                TIM6_DAC_IRQHandler
                0x0000000008003070                TIM1_BRK_TIM9_IRQHandler
                0x0000000008003070                DCMI_IRQHandler
                0x0000000008003070                CAN2_RX0_IRQHandler
                0x0000000008003070                DMA2_Stream3_IRQHandler
                0x0000000008003070                USART6_IRQHandler
                0x0000000008003070                USART3_IRQHandler
                0x0000000008003070                CAN1_RX1_IRQHandler
                0x0000000008003070                UART5_IRQHandler
                0x0000000008003070                DMA2_Stream0_IRQHandler
                0x0000000008003070                TIM4_IRQHandler
                0x0000000008003070                I2C1_EV_IRQHandler
                0x0000000008003070                DMA1_Stream6_IRQHandler
                0x0000000008003070                DMA1_Stream1_IRQHandler
                0x0000000008003070                UART4_IRQHandler
                0x0000000008003070                TIM3_IRQHandler
                0x0000000008003070                RCC_IRQHandler
                0x0000000008003070                TIM8_BRK_TIM12_IRQHandler
                0x0000000008003070                Default_Handler
                0x0000000008003070                EXTI15_10_IRQHandler
                0x0000000008003070                ADC_IRQHandler
                0x0000000008003070                DMA1_Stream7_IRQHandler
                0x0000000008003070                TIM7_IRQHandler
                0x0000000008003070                CAN2_TX_IRQHandler
                0x0000000008003070                TIM5_IRQHandler
                0x0000000008003070                DMA2_Stream7_IRQHandler
                0x0000000008003070                I2C3_EV_IRQHandler
                0x0000000008003070                EXTI9_5_IRQHandler
                0x0000000008003070                RTC_WKUP_IRQHandler
                0x0000000008003070                ETH_WKUP_IRQHandler
                0x0000000008003070                SPI2_IRQHandler
                0x0000000008003070                OTG_HS_EP1_IN_IRQHandler
                0x0000000008003070                DMA1_Stream0_IRQHandler
                0x0000000008003070                CAN1_TX_IRQHandler
                0x0000000008003070                EXTI4_IRQHandler
                0x0000000008003070                FSMC_IRQHandler
                0x0000000008003070                ETH_IRQHandler
                0x0000000008003070                OTG_HS_EP1_OUT_IRQHandler
                0x0000000008003070                WWDG_IRQHandler
                0x0000000008003070                TIM2_IRQHandler
                0x0000000008003070                OTG_FS_WKUP_IRQHandler
                0x0000000008003070                TIM1_TRG_COM_TIM11_IRQHandler
                0x0000000008003070                OTG_HS_IRQHandler
                0x0000000008003070                EXTI1_IRQHandler
                0x0000000008003070                USART2_IRQHandler
                0x0000000008003070                I2C2_ER_IRQHandler
                0x0000000008003070                DMA2_Stream1_IRQHandler
                0x0000000008003070                CAN1_SCE_IRQHandler
                0x0000000008003070                FLASH_IRQHandler
                0x0000000008003070                DMA2_Stream4_IRQHandler
                0x0000000008003070                USART1_IRQHandler
                0x0000000008003070                SPI3_IRQHandler
                0x0000000008003070                DMA1_Stream4_IRQHandler
                0x0000000008003070                I2C1_ER_IRQHandler
                0x0000000008003070                DMA2_Stream6_IRQHandler
                0x0000000008003070                DMA1_Stream3_IRQHandler
 *fill*         0x0000000008003072        0x2 
 .text.HAL_Init
                0x0000000008003074       0x44 ./Drivers/STM32F4xx_HAL_Driver/Src/stm32f4xx_hal.o
                0x0000000008003074                HAL_Init
 .text.HAL_InitTick
                0x00000000080030b8       0x60 ./Drivers/STM32F4xx_HAL_Driver/Src/stm32f4xx_hal.o
                0x00000000080030b8                HAL_InitTick
 .text.HAL_IncTick
                0x0000000008003118       0x28 ./Drivers/STM32F4xx_HAL_Driver/Src/stm32f4xx_hal.o
                0x0000000008003118                HAL_IncTick
 .text.HAL_GetTick
                0x0000000008003140       0x18 ./Drivers/STM32F4xx_HAL_Driver/Src/stm32f4xx_hal.o
                0x0000000008003140                HAL_GetTick
 .text.HAL_Delay
                0x0000000008003158       0x48 ./Drivers/STM32F4xx_HAL_Driver/Src/stm32f4xx_hal.o
                0x0000000008003158                HAL_Delay
 .text.__NVIC_SetPriorityGrouping
                0x00000000080031a0       0x48 ./Drivers/STM32F4xx_HAL_Driver/Src/stm32f4xx_hal_cortex.o
 .text.__NVIC_GetPriorityGrouping
                0x00000000080031e8       0x1c ./Drivers/STM32F4xx_HAL_Driver/Src/stm32f4xx_hal_cortex.o
 .text.__NVIC_EnableIRQ
                0x0000000008003204       0x3c ./Drivers/STM32F4xx_HAL_Driver/Src/stm32f4xx_hal_cortex.o
 .text.__NVIC_SetPriority
                0x0000000008003240       0x54 ./Drivers/STM32F4xx_HAL_Driver/Src/stm32f4xx_hal_cortex.o
 .text.NVIC_EncodePriority
                0x0000000008003294       0x66 ./Drivers/STM32F4xx_HAL_Driver/Src/stm32f4xx_hal_cortex.o
 *fill*         0x00000000080032fa        0x2 
 .text.SysTick_Config
                0x00000000080032fc       0x44 ./Drivers/STM32F4xx_HAL_Driver/Src/stm32f4xx_hal_cortex.o
 .text.HAL_NVIC_SetPriorityGrouping
                0x0000000008003340       0x16 ./Drivers/STM32F4xx_HAL_Driver/Src/stm32f4xx_hal_cortex.o
                0x0000000008003340                HAL_NVIC_SetPriorityGrouping
 .text.HAL_NVIC_SetPriority
                0x0000000008003356       0x38 ./Drivers/STM32F4xx_HAL_Driver/Src/stm32f4xx_hal_cortex.o
                0x0000000008003356                HAL_NVIC_SetPriority
 .text.HAL_NVIC_EnableIRQ
                0x000000000800338e       0x1c ./Drivers/STM32F4xx_HAL_Driver/Src/stm32f4xx_hal_cortex.o
                0x000000000800338e                HAL_NVIC_EnableIRQ
 .text.HAL_SYSTICK_Config
                0x00000000080033aa       0x18 ./Drivers/STM32F4xx_HAL_Driver/Src/stm32f4xx_hal_cortex.o
                0x00000000080033aa                HAL_SYSTICK_Config
 .text.HAL_DMA_Abort_IT
                0x00000000080033c2       0x44 ./Drivers/STM32F4xx_HAL_Driver/Src/stm32f4xx_hal_dma.o
                0x00000000080033c2                HAL_DMA_Abort_IT
 *fill*         0x0000000008003406        0x2 
 .text.HAL_GPIO_Init
                0x0000000008003408      0x338 ./Drivers/STM32F4xx_HAL_Driver/Src/stm32f4xx_hal_gpio.o
                0x0000000008003408                HAL_GPIO_Init
 .text.HAL_GPIO_WritePin
                0x0000000008003740       0x32 ./Drivers/STM32F4xx_HAL_Driver/Src/stm32f4xx_hal_gpio.o
                0x0000000008003740                HAL_GPIO_WritePin
 .text.HAL_HCD_Init
                0x0000000008003772       0xce ./Drivers/STM32F4xx_HAL_Driver/Src/stm32f4xx_hal_hcd.o
                0x0000000008003772                HAL_HCD_Init
 .text.HAL_HCD_HC_Init
                0x0000000008003840      0x170 ./Drivers/STM32F4xx_HAL_Driver/Src/stm32f4xx_hal_hcd.o
                0x0000000008003840                HAL_HCD_HC_Init
 .text.HAL_HCD_HC_Halt
                0x00000000080039b0       0x46 ./Drivers/STM32F4xx_HAL_Driver/Src/stm32f4xx_hal_hcd.o
                0x00000000080039b0                HAL_HCD_HC_Halt
 *fill*         0x00000000080039f6        0x2 
 .text.HAL_HCD_HC_SubmitRequest
                0x00000000080039f8      0x33c ./Drivers/STM32F4xx_HAL_Driver/Src/stm32f4xx_hal_hcd.o
                0x00000000080039f8                HAL_HCD_HC_SubmitRequest
 .text.HAL_HCD_IRQHandler
                0x0000000008003d34      0x220 ./Drivers/STM32F4xx_HAL_Driver/Src/stm32f4xx_hal_hcd.o
                0x0000000008003d34                HAL_HCD_IRQHandler
 .text.HAL_HCD_Start
                0x0000000008003f54       0x46 ./Drivers/STM32F4xx_HAL_Driver/Src/stm32f4xx_hal_hcd.o
                0x0000000008003f54                HAL_HCD_Start
 .text.HAL_HCD_Stop
                0x0000000008003f9a       0x3a ./Drivers/STM32F4xx_HAL_Driver/Src/stm32f4xx_hal_hcd.o
                0x0000000008003f9a                HAL_HCD_Stop
 .text.HAL_HCD_ResetPort
                0x0000000008003fd4       0x1c ./Drivers/STM32F4xx_HAL_Driver/Src/stm32f4xx_hal_hcd.o
                0x0000000008003fd4                HAL_HCD_ResetPort
 .text.HAL_HCD_HC_GetURBState
                0x0000000008003ff0       0x2a ./Drivers/STM32F4xx_HAL_Driver/Src/stm32f4xx_hal_hcd.o
                0x0000000008003ff0                HAL_HCD_HC_GetURBState
 .text.HAL_HCD_HC_GetXferCount
                0x000000000800401a       0x2a ./Drivers/STM32F4xx_HAL_Driver/Src/stm32f4xx_hal_hcd.o
                0x000000000800401a                HAL_HCD_HC_GetXferCount
 .text.HAL_HCD_GetCurrentFrame
                0x0000000008004044       0x1c ./Drivers/STM32F4xx_HAL_Driver/Src/stm32f4xx_hal_hcd.o
                0x0000000008004044                HAL_HCD_GetCurrentFrame
 .text.HAL_HCD_GetCurrentSpeed
                0x0000000008004060       0x1c ./Drivers/STM32F4xx_HAL_Driver/Src/stm32f4xx_hal_hcd.o
                0x0000000008004060                HAL_HCD_GetCurrentSpeed
 .text.HAL_HCD_HC_ClearHubInfo
                0x000000000800407c       0x6a ./Drivers/STM32F4xx_HAL_Driver/Src/stm32f4xx_hal_hcd.o
                0x000000000800407c                HAL_HCD_HC_ClearHubInfo
 .text.HCD_HC_IN_IRQHandler
                0x00000000080040e6      0xcd2 ./Drivers/STM32F4xx_HAL_Driver/Src/stm32f4xx_hal_hcd.o
 .text.HCD_HC_OUT_IRQHandler
                0x0000000008004db8      0x94a ./Drivers/STM32F4xx_HAL_Driver/Src/stm32f4xx_hal_hcd.o
 .text.HCD_RXQLVL_IRQHandler
                0x0000000008005702      0x1be ./Drivers/STM32F4xx_HAL_Driver/Src/stm32f4xx_hal_hcd.o
 .text.HCD_Port_IRQHandler
                0x00000000080058c0       0xe6 ./Drivers/STM32F4xx_HAL_Driver/Src/stm32f4xx_hal_hcd.o
 *fill*         0x00000000080059a6        0x2 
 .text.HAL_I2S_Init
                0x00000000080059a8      0x280 ./Drivers/STM32F4xx_HAL_Driver/Src/stm32f4xx_hal_i2s.o
                0x00000000080059a8                HAL_I2S_Init
 .text.HAL_I2S_TxCpltCallback
                0x0000000008005c28       0x14 ./Drivers/STM32F4xx_HAL_Driver/Src/stm32f4xx_hal_i2s.o
                0x0000000008005c28                HAL_I2S_TxCpltCallback
 .text.HAL_I2S_RxCpltCallback
                0x0000000008005c3c       0x14 ./Drivers/STM32F4xx_HAL_Driver/Src/stm32f4xx_hal_i2s.o
                0x0000000008005c3c                HAL_I2S_RxCpltCallback
 .text.HAL_I2S_ErrorCallback
                0x0000000008005c50       0x14 ./Drivers/STM32F4xx_HAL_Driver/Src/stm32f4xx_hal_i2s.o
                0x0000000008005c50                HAL_I2S_ErrorCallback
 .text.I2S_Transmit_IT
                0x0000000008005c64       0x5c ./Drivers/STM32F4xx_HAL_Driver/Src/stm32f4xx_hal_i2s.o
 .text.I2S_Receive_IT
                0x0000000008005cc0       0x5e ./Drivers/STM32F4xx_HAL_Driver/Src/stm32f4xx_hal_i2s.o
 .text.I2S_IRQHandler
                0x0000000008005d1e      0x114 ./Drivers/STM32F4xx_HAL_Driver/Src/stm32f4xx_hal_i2s.o
 *fill*         0x0000000008005e32        0x2 
 .text.HAL_I2SEx_FullDuplex_IRQHandler
                0x0000000008005e34      0x2a8 ./Drivers/STM32F4xx_HAL_Driver/Src/stm32f4xx_hal_i2s_ex.o
                0x0000000008005e34                HAL_I2SEx_FullDuplex_IRQHandler
 .text.HAL_I2SEx_TxRxCpltCallback
                0x00000000080060dc       0x14 ./Drivers/STM32F4xx_HAL_Driver/Src/stm32f4xx_hal_i2s_ex.o
                0x00000000080060dc                HAL_I2SEx_TxRxCpltCallback
 .text.I2SEx_TxISR_I2S
                0x00000000080060f0       0x62 ./Drivers/STM32F4xx_HAL_Driver/Src/stm32f4xx_hal_i2s_ex.o
 *fill*         0x0000000008006152        0x2 
 .text.I2SEx_TxISR_I2SExt
                0x0000000008006154       0x98 ./Drivers/STM32F4xx_HAL_Driver/Src/stm32f4xx_hal_i2s_ex.o
 .text.I2SEx_RxISR_I2S
                0x00000000080061ec       0x64 ./Drivers/STM32F4xx_HAL_Driver/Src/stm32f4xx_hal_i2s_ex.o
 .text.I2SEx_RxISR_I2SExt
                0x0000000008006250       0x98 ./Drivers/STM32F4xx_HAL_Driver/Src/stm32f4xx_hal_i2s_ex.o
 .text.HAL_RCC_OscConfig
                0x00000000080062e8      0x4f0 ./Drivers/STM32F4xx_HAL_Driver/Src/stm32f4xx_hal_rcc.o
                0x00000000080062e8                HAL_RCC_OscConfig
 .text.HAL_RCC_ClockConfig
                0x00000000080067d8      0x1cc ./Drivers/STM32F4xx_HAL_Driver/Src/stm32f4xx_hal_rcc.o
                0x00000000080067d8                HAL_RCC_ClockConfig
 .text.HAL_RCC_GetSysClockFreq
                0x00000000080069a4      0x20c ./Drivers/STM32F4xx_HAL_Driver/Src/stm32f4xx_hal_rcc.o
                0x00000000080069a4                HAL_RCC_GetSysClockFreq
 .text.HAL_RCCEx_PeriphCLKConfig
                0x0000000008006bb0      0x1c4 ./Drivers/STM32F4xx_HAL_Driver/Src/stm32f4xx_hal_rcc_ex.o
                0x0000000008006bb0                HAL_RCCEx_PeriphCLKConfig
 .text.HAL_RCCEx_GetPeriphCLKFreq
                0x0000000008006d74       0xc0 ./Drivers/STM32F4xx_HAL_Driver/Src/stm32f4xx_hal_rcc_ex.o
                0x0000000008006d74                HAL_RCCEx_GetPeriphCLKFreq
 .text.HAL_SPI_Init
                0x0000000008006e34      0x112 ./Drivers/STM32F4xx_HAL_Driver/Src/stm32f4xx_hal_spi.o
                0x0000000008006e34                HAL_SPI_Init
 .text.HAL_SPI_Transmit
                0x0000000008006f46      0x286 ./Drivers/STM32F4xx_HAL_Driver/Src/stm32f4xx_hal_spi.o
                0x0000000008006f46                HAL_SPI_Transmit
 .text.HAL_SPI_IRQHandler
                0x00000000080071cc      0x1e8 ./Drivers/STM32F4xx_HAL_Driver/Src/stm32f4xx_hal_spi.o
                0x00000000080071cc                HAL_SPI_IRQHandler
 .text.HAL_SPI_ErrorCallback
                0x00000000080073b4       0x14 ./Drivers/STM32F4xx_HAL_Driver/Src/stm32f4xx_hal_spi.o
                0x00000000080073b4                HAL_SPI_ErrorCallback
 .text.SPI_DMAAbortOnError
                0x00000000080073c8       0x28 ./Drivers/STM32F4xx_HAL_Driver/Src/stm32f4xx_hal_spi.o
 .text.SPI_WaitFlagStateUntilTimeout
                0x00000000080073f0      0x110 ./Drivers/STM32F4xx_HAL_Driver/Src/stm32f4xx_hal_spi.o
 .text.SPI_EndRxTxTransaction
                0x0000000008007500       0xa8 ./Drivers/STM32F4xx_HAL_Driver/Src/stm32f4xx_hal_spi.o
 .text.USB_CoreInit
                0x00000000080075a8       0xc8 ./Drivers/STM32F4xx_HAL_Driver/Src/stm32f4xx_ll_usb.o
                0x00000000080075a8                USB_CoreInit
 .text.USB_EnableGlobalInt
                0x0000000008007670       0x22 ./Drivers/STM32F4xx_HAL_Driver/Src/stm32f4xx_ll_usb.o
                0x0000000008007670                USB_EnableGlobalInt
 .text.USB_DisableGlobalInt
                0x0000000008007692       0x22 ./Drivers/STM32F4xx_HAL_Driver/Src/stm32f4xx_ll_usb.o
                0x0000000008007692                USB_DisableGlobalInt
 .text.USB_SetCurrentMode
                0x00000000080076b4       0x98 ./Drivers/STM32F4xx_HAL_Driver/Src/stm32f4xx_ll_usb.o
                0x00000000080076b4                USB_SetCurrentMode
 .text.USB_FlushTxFifo
                0x000000000800774c       0x64 ./Drivers/STM32F4xx_HAL_Driver/Src/stm32f4xx_ll_usb.o
                0x000000000800774c                USB_FlushTxFifo
 .text.USB_FlushRxFifo
                0x00000000080077b0       0x5c ./Drivers/STM32F4xx_HAL_Driver/Src/stm32f4xx_ll_usb.o
                0x00000000080077b0                USB_FlushRxFifo
 .text.USB_WritePacket
                0x000000000800780c       0x7c ./Drivers/STM32F4xx_HAL_Driver/Src/stm32f4xx_ll_usb.o
                0x000000000800780c                USB_WritePacket
 .text.USB_ReadPacket
                0x0000000008007888       0xb0 ./Drivers/STM32F4xx_HAL_Driver/Src/stm32f4xx_ll_usb.o
                0x0000000008007888                USB_ReadPacket
 .text.USB_ReadInterrupts
                0x0000000008007938       0x26 ./Drivers/STM32F4xx_HAL_Driver/Src/stm32f4xx_ll_usb.o
                0x0000000008007938                USB_ReadInterrupts
 .text.USB_ReadChInterrupts
                0x000000000800795e       0x42 ./Drivers/STM32F4xx_HAL_Driver/Src/stm32f4xx_ll_usb.o
                0x000000000800795e                USB_ReadChInterrupts
 .text.USB_GetMode
                0x00000000080079a0       0x1c ./Drivers/STM32F4xx_HAL_Driver/Src/stm32f4xx_ll_usb.o
                0x00000000080079a0                USB_GetMode
 .text.USB_CoreReset
                0x00000000080079bc       0x62 ./Drivers/STM32F4xx_HAL_Driver/Src/stm32f4xx_ll_usb.o
 *fill*         0x0000000008007a1e        0x2 
 .text.USB_HostInit
                0x0000000008007a20      0x188 ./Drivers/STM32F4xx_HAL_Driver/Src/stm32f4xx_ll_usb.o
                0x0000000008007a20                USB_HostInit
 .text.USB_InitFSLSPClkSel
                0x0000000008007ba8       0x7a ./Drivers/STM32F4xx_HAL_Driver/Src/stm32f4xx_ll_usb.o
                0x0000000008007ba8                USB_InitFSLSPClkSel
 .text.USB_ResetPort
                0x0000000008007c22       0x54 ./Drivers/STM32F4xx_HAL_Driver/Src/stm32f4xx_ll_usb.o
                0x0000000008007c22                USB_ResetPort
 .text.USB_DriveVbus
                0x0000000008007c76       0x72 ./Drivers/STM32F4xx_HAL_Driver/Src/stm32f4xx_ll_usb.o
                0x0000000008007c76                USB_DriveVbus
 .text.USB_GetHostSpeed
                0x0000000008007ce8       0x2e ./Drivers/STM32F4xx_HAL_Driver/Src/stm32f4xx_ll_usb.o
                0x0000000008007ce8                USB_GetHostSpeed
 .text.USB_GetCurrentFrame
                0x0000000008007d16       0x22 ./Drivers/STM32F4xx_HAL_Driver/Src/stm32f4xx_ll_usb.o
                0x0000000008007d16                USB_GetCurrentFrame
 .text.USB_HC_Init
                0x0000000008007d38      0x258 ./Drivers/STM32F4xx_HAL_Driver/Src/stm32f4xx_ll_usb.o
                0x0000000008007d38                USB_HC_Init
 .text.USB_HC_StartXfer
                0x0000000008007f90      0x4f4 ./Drivers/STM32F4xx_HAL_Driver/Src/stm32f4xx_ll_usb.o
                0x0000000008007f90                USB_HC_StartXfer
 .text.USB_HC_ReadInterrupt
                0x0000000008008484       0x22 ./Drivers/STM32F4xx_HAL_Driver/Src/stm32f4xx_ll_usb.o
                0x0000000008008484                USB_HC_ReadInterrupt
 .text.USB_HC_Halt
                0x00000000080084a6      0x240 ./Drivers/STM32F4xx_HAL_Driver/Src/stm32f4xx_ll_usb.o
                0x00000000080084a6                USB_HC_Halt
 *fill*         0x00000000080086e6        0x2 
 .text.USB_DoPing
                0x00000000080086e8       0x78 ./Drivers/STM32F4xx_HAL_Driver/Src/stm32f4xx_ll_usb.o
                0x00000000080086e8                USB_DoPing
 .text.USB_StopHost
                0x0000000008008760      0x124 ./Drivers/STM32F4xx_HAL_Driver/Src/stm32f4xx_ll_usb.o
                0x0000000008008760                USB_StopHost
 .text.USBH_CDC_InterfaceInit
                0x0000000008008884      0x2ac ./Middlewares/ST/STM32_USB_Host_Library/Class/CDC/Src/usbh_cdc.o
 .text.USBH_CDC_InterfaceDeInit
                0x0000000008008b30       0xb2 ./Middlewares/ST/STM32_USB_Host_Library/Class/CDC/Src/usbh_cdc.o
 .text.USBH_CDC_ClassRequest
                0x0000000008008be2       0x3e ./Middlewares/ST/STM32_USB_Host_Library/Class/CDC/Src/usbh_cdc.o
 .text.USBH_CDC_Process
                0x0000000008008c20      0x12c ./Middlewares/ST/STM32_USB_Host_Library/Class/CDC/Src/usbh_cdc.o
 .text.USBH_CDC_SOFProcess
                0x0000000008008d4c       0x16 ./Middlewares/ST/STM32_USB_Host_Library/Class/CDC/Src/usbh_cdc.o
 .text.GetLineCoding
                0x0000000008008d62       0x3e ./Middlewares/ST/STM32_USB_Host_Library/Class/CDC/Src/usbh_cdc.o
 .text.SetLineCoding
                0x0000000008008da0       0x3e ./Middlewares/ST/STM32_USB_Host_Library/Class/CDC/Src/usbh_cdc.o
 .text.CDC_ProcessTransmission
                0x0000000008008dde       0xec ./Middlewares/ST/STM32_USB_Host_Library/Class/CDC/Src/usbh_cdc.o
 .text.CDC_ProcessReception
                0x0000000008008eca       0xb6 ./Middlewares/ST/STM32_USB_Host_Library/Class/CDC/Src/usbh_cdc.o
 .text.USBH_CDC_TransmitCallback
                0x0000000008008f80       0x14 ./Middlewares/ST/STM32_USB_Host_Library/Class/CDC/Src/usbh_cdc.o
                0x0000000008008f80                USBH_CDC_TransmitCallback
 .text.USBH_CDC_ReceiveCallback
                0x0000000008008f94       0x14 ./Middlewares/ST/STM32_USB_Host_Library/Class/CDC/Src/usbh_cdc.o
                0x0000000008008f94                USBH_CDC_ReceiveCallback
 .text.USBH_CDC_LineCodingChanged
                0x0000000008008fa8       0x14 ./Middlewares/ST/STM32_USB_Host_Library/Class/CDC/Src/usbh_cdc.o
                0x0000000008008fa8                USBH_CDC_LineCodingChanged
 .text.USBH_Init
                0x0000000008008fbc       0x74 ./Middlewares/ST/STM32_USB_Host_Library/Core/Src/usbh_core.o
                0x0000000008008fbc                USBH_Init
 .text.DeInitStateMachine
                0x0000000008009030       0xe6 ./Middlewares/ST/STM32_USB_Host_Library/Core/Src/usbh_core.o
 .text.USBH_RegisterClass
                0x0000000008009116       0x54 ./Middlewares/ST/STM32_USB_Host_Library/Core/Src/usbh_core.o
                0x0000000008009116                USBH_RegisterClass
 .text.USBH_SelectInterface
                0x000000000800916a       0x38 ./Middlewares/ST/STM32_USB_Host_Library/Core/Src/usbh_core.o
                0x000000000800916a                USBH_SelectInterface
 .text.USBH_FindInterface
                0x00000000080091a2       0x8c ./Middlewares/ST/STM32_USB_Host_Library/Core/Src/usbh_core.o
                0x00000000080091a2                USBH_FindInterface
 .text.USBH_Start
                0x000000000800922e       0x20 ./Middlewares/ST/STM32_USB_Host_Library/Core/Src/usbh_core.o
                0x000000000800922e                USBH_Start
 *fill*         0x000000000800924e        0x2 
 .text.USBH_Process
                0x0000000008009250      0x3d8 ./Middlewares/ST/STM32_USB_Host_Library/Core/Src/usbh_core.o
                0x0000000008009250                USBH_Process
 .text.USBH_HandleEnum
                0x0000000008009628      0x3c8 ./Middlewares/ST/STM32_USB_Host_Library/Core/Src/usbh_core.o
 .text.USBH_LL_SetTimer
                0x00000000080099f0       0x1e ./Middlewares/ST/STM32_USB_Host_Library/Core/Src/usbh_core.o
                0x00000000080099f0                USBH_LL_SetTimer
 .text.USBH_LL_IncTimer
                0x0000000008009a0e       0x24 ./Middlewares/ST/STM32_USB_Host_Library/Core/Src/usbh_core.o
                0x0000000008009a0e                USBH_LL_IncTimer
 .text.USBH_HandleSof
                0x0000000008009a32       0x30 ./Middlewares/ST/STM32_USB_Host_Library/Core/Src/usbh_core.o
 .text.USBH_LL_PortEnabled
                0x0000000008009a62       0x1c ./Middlewares/ST/STM32_USB_Host_Library/Core/Src/usbh_core.o
                0x0000000008009a62                USBH_LL_PortEnabled
 .text.USBH_LL_PortDisabled
                0x0000000008009a7e       0x1c ./Middlewares/ST/STM32_USB_Host_Library/Core/Src/usbh_core.o
                0x0000000008009a7e                USBH_LL_PortDisabled
 .text.USBH_LL_Connect
                0x0000000008009a9a       0x2e ./Middlewares/ST/STM32_USB_Host_Library/Core/Src/usbh_core.o
                0x0000000008009a9a                USBH_LL_Connect
 .text.USBH_LL_Disconnect
                0x0000000008009ac8       0x48 ./Middlewares/ST/STM32_USB_Host_Library/Core/Src/usbh_core.o
                0x0000000008009ac8                USBH_LL_Disconnect
 .text.USBH_Get_DevDesc
                0x0000000008009b10       0x58 ./Middlewares/ST/STM32_USB_Host_Library/Core/Src/usbh_ctlreq.o
                0x0000000008009b10                USBH_Get_DevDesc
 .text.USBH_Get_CfgDesc
                0x0000000008009b68       0x54 ./Middlewares/ST/STM32_USB_Host_Library/Core/Src/usbh_ctlreq.o
                0x0000000008009b68                USBH_Get_CfgDesc
 .text.USBH_Get_StringDesc
                0x0000000008009bbc       0x68 ./Middlewares/ST/STM32_USB_Host_Library/Core/Src/usbh_ctlreq.o
                0x0000000008009bbc                USBH_Get_StringDesc
 .text.USBH_GetDescriptor
                0x0000000008009c24       0x6a ./Middlewares/ST/STM32_USB_Host_Library/Core/Src/usbh_ctlreq.o
                0x0000000008009c24                USBH_GetDescriptor
 .text.USBH_SetAddress
                0x0000000008009c8e       0x48 ./Middlewares/ST/STM32_USB_Host_Library/Core/Src/usbh_ctlreq.o
                0x0000000008009c8e                USBH_SetAddress
 .text.USBH_SetCfg
                0x0000000008009cd6       0x46 ./Middlewares/ST/STM32_USB_Host_Library/Core/Src/usbh_ctlreq.o
                0x0000000008009cd6                USBH_SetCfg
 .text.USBH_SetFeature
                0x0000000008009d1c       0x48 ./Middlewares/ST/STM32_USB_Host_Library/Core/Src/usbh_ctlreq.o
                0x0000000008009d1c                USBH_SetFeature
 .text.USBH_ClrFeature
                0x0000000008009d64       0x48 ./Middlewares/ST/STM32_USB_Host_Library/Core/Src/usbh_ctlreq.o
                0x0000000008009d64                USBH_ClrFeature
 .text.USBH_ParseDevDesc
                0x0000000008009dac      0x168 ./Middlewares/ST/STM32_USB_Host_Library/Core/Src/usbh_ctlreq.o
 .text.USBH_ParseCfgDesc
                0x0000000008009f14      0x1f2 ./Middlewares/ST/STM32_USB_Host_Library/Core/Src/usbh_ctlreq.o
 .text.USBH_ParseInterfaceDesc
                0x000000000800a106       0x68 ./Middlewares/ST/STM32_USB_Host_Library/Core/Src/usbh_ctlreq.o
 .text.USBH_ParseEPDesc
                0x000000000800a16e      0x1d2 ./Middlewares/ST/STM32_USB_Host_Library/Core/Src/usbh_ctlreq.o
 .text.USBH_ParseStringDesc
                0x000000000800a340       0x66 ./Middlewares/ST/STM32_USB_Host_Library/Core/Src/usbh_ctlreq.o
 .text.USBH_GetNextDesc
                0x000000000800a3a6       0x36 ./Middlewares/ST/STM32_USB_Host_Library/Core/Src/usbh_ctlreq.o
                0x000000000800a3a6                USBH_GetNextDesc
 .text.USBH_CtlReq
                0x000000000800a3dc       0x7a ./Middlewares/ST/STM32_USB_Host_Library/Core/Src/usbh_ctlreq.o
                0x000000000800a3dc                USBH_CtlReq
 *fill*         0x000000000800a456        0x2 
 .text.USBH_HandleControl
                0x000000000800a458      0x2e8 ./Middlewares/ST/STM32_USB_Host_Library/Core/Src/usbh_ctlreq.o
 .text.USBH_CtlSendSetup
                0x000000000800a740       0x34 ./Middlewares/ST/STM32_USB_Host_Library/Core/Src/usbh_ioreq.o
                0x000000000800a740                USBH_CtlSendSetup
 .text.USBH_CtlSendData
                0x000000000800a774       0x4a ./Middlewares/ST/STM32_USB_Host_Library/Core/Src/usbh_ioreq.o
                0x000000000800a774                USBH_CtlSendData
 .text.USBH_CtlReceiveData
                0x000000000800a7be       0x3c ./Middlewares/ST/STM32_USB_Host_Library/Core/Src/usbh_ioreq.o
                0x000000000800a7be                USBH_CtlReceiveData
 .text.USBH_BulkSendData
                0x000000000800a7fa       0x4a ./Middlewares/ST/STM32_USB_Host_Library/Core/Src/usbh_ioreq.o
                0x000000000800a7fa                USBH_BulkSendData
 .text.USBH_BulkReceiveData
                0x000000000800a844       0x3c ./Middlewares/ST/STM32_USB_Host_Library/Core/Src/usbh_ioreq.o
                0x000000000800a844                USBH_BulkReceiveData
 .text.USBH_OpenPipe
                0x000000000800a880       0x3e ./Middlewares/ST/STM32_USB_Host_Library/Core/Src/usbh_pipes.o
                0x000000000800a880                USBH_OpenPipe
 .text.USBH_ClosePipe
                0x000000000800a8be       0x20 ./Middlewares/ST/STM32_USB_Host_Library/Core/Src/usbh_pipes.o
                0x000000000800a8be                USBH_ClosePipe
 .text.USBH_AllocPipe
                0x000000000800a8de       0x42 ./Middlewares/ST/STM32_USB_Host_Library/Core/Src/usbh_pipes.o
                0x000000000800a8de                USBH_AllocPipe
 .text.USBH_FreePipe
                0x000000000800a920       0x3c ./Middlewares/ST/STM32_USB_Host_Library/Core/Src/usbh_pipes.o
                0x000000000800a920                USBH_FreePipe
 .text.USBH_GetFreePipe
                0x000000000800a95c       0x48 ./Middlewares/ST/STM32_USB_Host_Library/Core/Src/usbh_pipes.o
 .text.MX_USB_HOST_Init
                0x000000000800a9a4       0x4c ./USB_HOST/App/usb_host.o
                0x000000000800a9a4                MX_USB_HOST_Init
 .text.MX_USB_HOST_Process
                0x000000000800a9f0       0x14 ./USB_HOST/App/usb_host.o
                0x000000000800a9f0                MX_USB_HOST_Process
 .text.USBH_UserProcess
                0x000000000800aa04       0x5c ./USB_HOST/App/usb_host.o
 .text.HAL_HCD_MspInit
                0x000000000800aa60       0xc4 ./USB_HOST/Target/usbh_conf.o
                0x000000000800aa60                HAL_HCD_MspInit
 .text.HAL_HCD_SOF_Callback
                0x000000000800ab24       0x1c ./USB_HOST/Target/usbh_conf.o
                0x000000000800ab24                HAL_HCD_SOF_Callback
 .text.HAL_HCD_Connect_Callback
                0x000000000800ab40       0x1c ./USB_HOST/Target/usbh_conf.o
                0x000000000800ab40                HAL_HCD_Connect_Callback
 .text.HAL_HCD_Disconnect_Callback
                0x000000000800ab5c       0x1c ./USB_HOST/Target/usbh_conf.o
                0x000000000800ab5c                HAL_HCD_Disconnect_Callback
 .text.HAL_HCD_HC_NotifyURBChange_Callback
                0x000000000800ab78       0x1c ./USB_HOST/Target/usbh_conf.o
                0x000000000800ab78                HAL_HCD_HC_NotifyURBChange_Callback
 .text.HAL_HCD_PortEnabled_Callback
                0x000000000800ab94       0x1c ./USB_HOST/Target/usbh_conf.o
                0x000000000800ab94                HAL_HCD_PortEnabled_Callback
 .text.HAL_HCD_PortDisabled_Callback
                0x000000000800abb0       0x1c ./USB_HOST/Target/usbh_conf.o
                0x000000000800abb0                HAL_HCD_PortDisabled_Callback
 .text.USBH_LL_Init
                0x000000000800abcc       0x78 ./USB_HOST/Target/usbh_conf.o
                0x000000000800abcc                USBH_LL_Init
 .text.USBH_LL_Start
                0x000000000800ac44       0x36 ./USB_HOST/Target/usbh_conf.o
                0x000000000800ac44                USBH_LL_Start
 .text.USBH_LL_Stop
                0x000000000800ac7a       0x36 ./USB_HOST/Target/usbh_conf.o
                0x000000000800ac7a                USBH_LL_Stop
 .text.USBH_LL_GetSpeed
                0x000000000800acb0       0x4e ./USB_HOST/Target/usbh_conf.o
                0x000000000800acb0                USBH_LL_GetSpeed
 .text.USBH_LL_ResetPort
                0x000000000800acfe       0x36 ./USB_HOST/Target/usbh_conf.o
                0x000000000800acfe                USBH_LL_ResetPort
 .text.USBH_LL_GetLastXferSize
                0x000000000800ad34       0x26 ./USB_HOST/Target/usbh_conf.o
                0x000000000800ad34                USBH_LL_GetLastXferSize
 .text.USBH_LL_OpenPipe
                0x000000000800ad5a       0x5e ./USB_HOST/Target/usbh_conf.o
                0x000000000800ad5a                USBH_LL_OpenPipe
 .text.USBH_LL_ClosePipe
                0x000000000800adb8       0x3e ./USB_HOST/Target/usbh_conf.o
                0x000000000800adb8                USBH_LL_ClosePipe
 .text.USBH_LL_SubmitURB
                0x000000000800adf6       0x62 ./USB_HOST/Target/usbh_conf.o
                0x000000000800adf6                USBH_LL_SubmitURB
 .text.USBH_LL_GetURBState
                0x000000000800ae58       0x26 ./USB_HOST/Target/usbh_conf.o
                0x000000000800ae58                USBH_LL_GetURBState
 .text.USBH_LL_DriverVBUS
                0x000000000800ae7e       0x2e ./USB_HOST/Target/usbh_conf.o
                0x000000000800ae7e                USBH_LL_DriverVBUS
 .text.USBH_LL_SetToggle
                0x000000000800aeac       0x66 ./USB_HOST/Target/usbh_conf.o
                0x000000000800aeac                USBH_LL_SetToggle
 .text.USBH_Delay
                0x000000000800af12       0x16 ./USB_HOST/Target/usbh_conf.o
                0x000000000800af12                USBH_Delay
 .text.USBH_Get_USB_Status
                0x000000000800af28       0x58 ./USB_HOST/Target/usbh_conf.o
                0x000000000800af28                USBH_Get_USB_Status
 .text.MX_DriverVbusFS
                0x000000000800af80       0x38 ./USB_HOST/Target/usbh_platform.o
                0x000000000800af80                MX_DriverVbusFS
 .text.malloc   0x000000000800afb8       0x10 C:/ST/STM32CubeIDE_1.13.2/STM32CubeIDE/plugins/com.st.stm32cube.ide.mcu.externaltools.gnu-tools-for-stm32.11.3.rel1.win32_1.1.100.202309141235/tools/bin/../lib/gcc/arm-none-eabi/11.3.1/../../../../arm-none-eabi/lib/thumb/v7e-m+fp/hard\libc_nano.a(libc_a-malloc.o)
                0x000000000800afb8                malloc
 .text.free     0x000000000800afc8       0x10 C:/ST/STM32CubeIDE_1.13.2/STM32CubeIDE/plugins/com.st.stm32cube.ide.mcu.externaltools.gnu-tools-for-stm32.11.3.rel1.win32_1.1.100.202309141235/tools/bin/../lib/gcc/arm-none-eabi/11.3.1/../../../../arm-none-eabi/lib/thumb/v7e-m+fp/hard\libc_nano.a(libc_a-malloc.o)
                0x000000000800afc8                free
 .text.sbrk_aligned
                0x000000000800afd8       0x40 C:/ST/STM32CubeIDE_1.13.2/STM32CubeIDE/plugins/com.st.stm32cube.ide.mcu.externaltools.gnu-tools-for-stm32.11.3.rel1.win32_1.1.100.202309141235/tools/bin/../lib/gcc/arm-none-eabi/11.3.1/../../../../arm-none-eabi/lib/thumb/v7e-m+fp/hard\libc_nano.a(libc_a-mallocr.o)
 .text._malloc_r
                0x000000000800b018      0x100 C:/ST/STM32CubeIDE_1.13.2/STM32CubeIDE/plugins/com.st.stm32cube.ide.mcu.externaltools.gnu-tools-for-stm32.11.3.rel1.win32_1.1.100.202309141235/tools/bin/../lib/gcc/arm-none-eabi/11.3.1/../../../../arm-none-eabi/lib/thumb/v7e-m+fp/hard\libc_nano.a(libc_a-mallocr.o)
                0x000000000800b018                _malloc_r
 .text.__malloc_lock
                0x000000000800b118        0xc C:/ST/STM32CubeIDE_1.13.2/STM32CubeIDE/plugins/com.st.stm32cube.ide.mcu.externaltools.gnu-tools-for-stm32.11.3.rel1.win32_1.1.100.202309141235/tools/bin/../lib/gcc/arm-none-eabi/11.3.1/../../../../arm-none-eabi/lib/thumb/v7e-m+fp/hard\libc_nano.a(libc_a-mlock.o)
                0x000000000800b118                __malloc_lock
 .text.__malloc_unlock
                0x000000000800b124        0xc C:/ST/STM32CubeIDE_1.13.2/STM32CubeIDE/plugins/com.st.stm32cube.ide.mcu.externaltools.gnu-tools-for-stm32.11.3.rel1.win32_1.1.100.202309141235/tools/bin/../lib/gcc/arm-none-eabi/11.3.1/../../../../arm-none-eabi/lib/thumb/v7e-m+fp/hard\libc_nano.a(libc_a-mlock.o)
                0x000000000800b124                __malloc_unlock
 .text.memset   0x000000000800b130       0x10 C:/ST/STM32CubeIDE_1.13.2/STM32CubeIDE/plugins/com.st.stm32cube.ide.mcu.externaltools.gnu-tools-for-stm32.11.3.rel1.win32_1.1.100.202309141235/tools/bin/../lib/gcc/arm-none-eabi/11.3.1/../../../../arm-none-eabi/lib/thumb/v7e-m+fp/hard\libc_nano.a(libc_a-memset.o)
                0x000000000800b130                memset
 .text._sbrk_r  0x000000000800b140       0x20 C:/ST/STM32CubeIDE_1.13.2/STM32CubeIDE/plugins/com.st.stm32cube.ide.mcu.externaltools.gnu-tools-for-stm32.11.3.rel1.win32_1.1.100.202309141235/tools/bin/../lib/gcc/arm-none-eabi/11.3.1/../../../../arm-none-eabi/lib/thumb/v7e-m+fp/hard\libc_nano.a(libc_a-sbrkr.o)
                0x000000000800b140                _sbrk_r
 .text.__errno  0x000000000800b160        0xc C:/ST/STM32CubeIDE_1.13.2/STM32CubeIDE/plugins/com.st.stm32cube.ide.mcu.externaltools.gnu-tools-for-stm32.11.3.rel1.win32_1.1.100.202309141235/tools/bin/../lib/gcc/arm-none-eabi/11.3.1/../../../../arm-none-eabi/lib/thumb/v7e-m+fp/hard\libc_nano.a(libc_a-errno.o)
                0x000000000800b160                __errno
 .text.__libc_init_array
                0x000000000800b16c       0x48 C:/ST/STM32CubeIDE_1.13.2/STM32CubeIDE/plugins/com.st.stm32cube.ide.mcu.externaltools.gnu-tools-for-stm32.11.3.rel1.win32_1.1.100.202309141235/tools/bin/../lib/gcc/arm-none-eabi/11.3.1/../../../../arm-none-eabi/lib/thumb/v7e-m+fp/hard\libc_nano.a(libc_a-init.o)
                0x000000000800b16c                __libc_init_array
 .text.__retarget_lock_acquire_recursive
                0x000000000800b1b4        0x2 C:/ST/STM32CubeIDE_1.13.2/STM32CubeIDE/plugins/com.st.stm32cube.ide.mcu.externaltools.gnu-tools-for-stm32.11.3.rel1.win32_1.1.100.202309141235/tools/bin/../lib/gcc/arm-none-eabi/11.3.1/../../../../arm-none-eabi/lib/thumb/v7e-m+fp/hard\libc_nano.a(libc_a-lock.o)
                0x000000000800b1b4                __retarget_lock_acquire_recursive
 .text.__retarget_lock_release_recursive
                0x000000000800b1b6        0x2 C:/ST/STM32CubeIDE_1.13.2/STM32CubeIDE/plugins/com.st.stm32cube.ide.mcu.externaltools.gnu-tools-for-stm32.11.3.rel1.win32_1.1.100.202309141235/tools/bin/../lib/gcc/arm-none-eabi/11.3.1/../../../../arm-none-eabi/lib/thumb/v7e-m+fp/hard\libc_nano.a(libc_a-lock.o)
                0x000000000800b1b6                __retarget_lock_release_recursive
 .text._free_r  0x000000000800b1b8       0x98 C:/ST/STM32CubeIDE_1.13.2/STM32CubeIDE/plugins/com.st.stm32cube.ide.mcu.externaltools.gnu-tools-for-stm32.11.3.rel1.win32_1.1.100.202309141235/tools/bin/../lib/gcc/arm-none-eabi/11.3.1/../../../../arm-none-eabi/lib/thumb/v7e-m+fp/hard\libc_nano.a(libc_a-freer.o)
                0x000000000800b1b8                _free_r
 .text.floor    0x000000000800b250      0x100 C:/ST/STM32CubeIDE_1.13.2/STM32CubeIDE/plugins/com.st.stm32cube.ide.mcu.externaltools.gnu-tools-for-stm32.11.3.rel1.win32_1.1.100.202309141235/tools/bin/../lib/gcc/arm-none-eabi/11.3.1/../../../../arm-none-eabi/lib/thumb/v7e-m+fp/hard\libm.a(libm_a-s_floor.o)
                0x000000000800b250                floor
 *(.glue_7)
 .glue_7        0x000000000800b350        0x0 linker stubs
 *(.glue_7t)
 .glue_7t       0x000000000800b350        0x0 linker stubs
 *(.eh_frame)
 .eh_frame      0x000000000800b350        0x0 C:/ST/STM32CubeIDE_1.13.2/STM32CubeIDE/plugins/com.st.stm32cube.ide.mcu.externaltools.gnu-tools-for-stm32.11.3.rel1.win32_1.1.100.202309141235/tools/bin/../lib/gcc/arm-none-eabi/11.3.1/thumb/v7e-m+fp/hard/crtbegin.o
 *(.init)
 .init          0x000000000800b350        0x4 C:/ST/STM32CubeIDE_1.13.2/STM32CubeIDE/plugins/com.st.stm32cube.ide.mcu.externaltools.gnu-tools-for-stm32.11.3.rel1.win32_1.1.100.202309141235/tools/bin/../lib/gcc/arm-none-eabi/11.3.1/thumb/v7e-m+fp/hard/crti.o
                0x000000000800b350                _init
 .init          0x000000000800b354        0x8 C:/ST/STM32CubeIDE_1.13.2/STM32CubeIDE/plugins/com.st.stm32cube.ide.mcu.externaltools.gnu-tools-for-stm32.11.3.rel1.win32_1.1.100.202309141235/tools/bin/../lib/gcc/arm-none-eabi/11.3.1/thumb/v7e-m+fp/hard/crtn.o
 *(.fini)
 .fini          0x000000000800b35c        0x4 C:/ST/STM32CubeIDE_1.13.2/STM32CubeIDE/plugins/com.st.stm32cube.ide.mcu.externaltools.gnu-tools-for-stm32.11.3.rel1.win32_1.1.100.202309141235/tools/bin/../lib/gcc/arm-none-eabi/11.3.1/thumb/v7e-m+fp/hard/crti.o
                0x000000000800b35c                _fini
 .fini          0x000000000800b360        0x8 C:/ST/STM32CubeIDE_1.13.2/STM32CubeIDE/plugins/com.st.stm32cube.ide.mcu.externaltools.gnu-tools-for-stm32.11.3.rel1.win32_1.1.100.202309141235/tools/bin/../lib/gcc/arm-none-eabi/11.3.1/thumb/v7e-m+fp/hard/crtn.o
                0x000000000800b368                . = ALIGN (0x4)
                0x000000000800b368                _etext = .

.vfp11_veneer   0x000000000800b368        0x0
 .vfp11_veneer  0x000000000800b368        0x0 linker stubs

.v4_bx          0x000000000800b368        0x0
 .v4_bx         0x000000000800b368        0x0 linker stubs

.iplt           0x000000000800b368        0x0
 .iplt          0x000000000800b368        0x0 C:/ST/STM32CubeIDE_1.13.2/STM32CubeIDE/plugins/com.st.stm32cube.ide.mcu.externaltools.gnu-tools-for-stm32.11.3.rel1.win32_1.1.100.202309141235/tools/bin/../lib/gcc/arm-none-eabi/11.3.1/thumb/v7e-m+fp/hard/crtbegin.o

.rodata         0x000000000800b368    0x13160
                0x000000000800b368                . = ALIGN (0x4)
 *(.rodata)
 .rodata        0x000000000800b368       0x2c ./Core/Src/main.o
 .rodata        0x000000000800b394        0x4 ./Middlewares/ST/STM32_USB_Host_Library/Class/CDC/Src/usbh_cdc.o
 *(.rodata*)
 .rodata.FreeMono12pt7bBitmaps
                0x000000000800b398      0x5b4 ./Core/Src/main.o
                0x000000000800b398                FreeMono12pt7bBitmaps
 .rodata.FreeMono12pt7bGlyphs
                0x000000000800b94c      0x2f8 ./Core/Src/main.o
                0x000000000800b94c                FreeMono12pt7bGlyphs
 .rodata.FreeMono12pt7b
                0x000000000800bc44       0x10 ./Core/Src/main.o
                0x000000000800bc44                FreeMono12pt7b
 .rodata.FreeSansOblique9pt7bBitmaps
                0x000000000800bc54      0x559 ./Core/Src/main.o
                0x000000000800bc54                FreeSansOblique9pt7bBitmaps
 *fill*         0x000000000800c1ad        0x3 
 .rodata.FreeSansOblique9pt7bGlyphs
                0x000000000800c1b0      0x2f8 ./Core/Src/main.o
                0x000000000800c1b0                FreeSansOblique9pt7bGlyphs
 .rodata.FreeSansOblique9pt7b
                0x000000000800c4a8       0x10 ./Core/Src/main.o
                0x000000000800c4a8                FreeSansOblique9pt7b
 .rodata.creeper
                0x000000000800c4b8    0x10000 ./Core/Src/main.o
                0x000000000800c4b8                creeper
 .rodata.krecik
                0x000000000801c4b8     0x1000 ./Core/Src/main.o
                0x000000000801c4b8                krecik
 .rodata.pat_i_mat
                0x000000000801d4b8     0x1000 ./Core/Src/main.o
                0x000000000801d4b8                pat_i_mat
 .rodata.AHBPrescTable
                0x000000000801e4b8       0x10 ./Core/Src/system_stm32f4xx.o
                0x000000000801e4b8                AHBPrescTable
                0x000000000801e4c8                . = ALIGN (0x4)

.ARM.extab      0x000000000801e4c8        0x0
                0x000000000801e4c8                . = ALIGN (0x4)
 *(.ARM.extab* .gnu.linkonce.armextab.*)
                0x000000000801e4c8                . = ALIGN (0x4)

.ARM            0x000000000801e4c8        0x8
                0x000000000801e4c8                . = ALIGN (0x4)
                0x000000000801e4c8                __exidx_start = .
 *(.ARM.exidx*)
 .ARM.exidx     0x000000000801e4c8        0x8 C:/ST/STM32CubeIDE_1.13.2/STM32CubeIDE/plugins/com.st.stm32cube.ide.mcu.externaltools.gnu-tools-for-stm32.11.3.rel1.win32_1.1.100.202309141235/tools/bin/../lib/gcc/arm-none-eabi/11.3.1/thumb/v7e-m+fp/hard\libgcc.a(_udivmoddi4.o)
                0x000000000801e4d0                __exidx_end = .
                0x000000000801e4d0                . = ALIGN (0x4)

.rel.dyn        0x000000000801e4d0        0x0
 .rel.iplt      0x000000000801e4d0        0x0 C:/ST/STM32CubeIDE_1.13.2/STM32CubeIDE/plugins/com.st.stm32cube.ide.mcu.externaltools.gnu-tools-for-stm32.11.3.rel1.win32_1.1.100.202309141235/tools/bin/../lib/gcc/arm-none-eabi/11.3.1/thumb/v7e-m+fp/hard/crtbegin.o

.preinit_array  0x000000000801e4d0        0x0
                0x000000000801e4d0                . = ALIGN (0x4)
                0x000000000801e4d0                PROVIDE (__preinit_array_start = .)
 *(.preinit_array*)
                0x000000000801e4d0                PROVIDE (__preinit_array_end = .)
                0x000000000801e4d0                . = ALIGN (0x4)

.init_array     0x000000000801e4d0        0x4
                0x000000000801e4d0                . = ALIGN (0x4)
                0x000000000801e4d0                PROVIDE (__init_array_start = .)
 *(SORT_BY_NAME(.init_array.*))
 *(.init_array*)
 .init_array    0x000000000801e4d0        0x4 C:/ST/STM32CubeIDE_1.13.2/STM32CubeIDE/plugins/com.st.stm32cube.ide.mcu.externaltools.gnu-tools-for-stm32.11.3.rel1.win32_1.1.100.202309141235/tools/bin/../lib/gcc/arm-none-eabi/11.3.1/thumb/v7e-m+fp/hard/crtbegin.o
                0x000000000801e4d4                PROVIDE (__init_array_end = .)
                0x000000000801e4d4                . = ALIGN (0x4)

.fini_array     0x000000000801e4d4        0x4
                0x000000000801e4d4                . = ALIGN (0x4)
                [!provide]                        PROVIDE (__fini_array_start = .)
 *(SORT_BY_NAME(.fini_array.*))
 *(.fini_array*)
 .fini_array    0x000000000801e4d4        0x4 C:/ST/STM32CubeIDE_1.13.2/STM32CubeIDE/plugins/com.st.stm32cube.ide.mcu.externaltools.gnu-tools-for-stm32.11.3.rel1.win32_1.1.100.202309141235/tools/bin/../lib/gcc/arm-none-eabi/11.3.1/thumb/v7e-m+fp/hard/crtbegin.o
                [!provide]                        PROVIDE (__fini_array_end = .)
                0x000000000801e4d8                . = ALIGN (0x4)
                0x000000000801e4d8                _sidata = LOADADDR (.data)

.data           0x0000000020000000     0x2080 load address 0x000000000801e4d8
                0x0000000020000000                . = ALIGN (0x4)
                0x0000000020000000                _sdata = .
 *(.data)
 *(.data*)
 .data._buffer_height
                0x0000000020000000        0x2 ./Core/Src/SSD1322_OLED_lib/SSD1322_GFX.o
                0x0000000020000000                _buffer_height
 .data._buffer_width
                0x0000000020000002        0x2 ./Core/Src/SSD1322_OLED_lib/SSD1322_GFX.o
                0x0000000020000002                _buffer_width
 .data.stars_4bpp
                0x0000000020000004     0x2000 ./Core/Src/main.o
                0x0000000020000004                stars_4bpp
 .data.SystemCoreClock
                0x0000000020002004        0x4 ./Core/Src/system_stm32f4xx.o
                0x0000000020002004                SystemCoreClock
 .data.uwTickPrio
                0x0000000020002008        0x4 ./Drivers/STM32F4xx_HAL_Driver/Src/stm32f4xx_hal.o
                0x0000000020002008                uwTickPrio
 .data.uwTickFreq
                0x000000002000200c        0x1 ./Drivers/STM32F4xx_HAL_Driver/Src/stm32f4xx_hal.o
                0x000000002000200c                uwTickFreq
 *fill*         0x000000002000200d        0x3 
 .data.CDC_Class
                0x0000000020002010       0x20 ./Middlewares/ST/STM32_USB_Host_Library/Class/CDC/Src/usbh_cdc.o
                0x0000000020002010                CDC_Class
 .data._impure_data
                0x0000000020002030       0x4c C:/ST/STM32CubeIDE_1.13.2/STM32CubeIDE/plugins/com.st.stm32cube.ide.mcu.externaltools.gnu-tools-for-stm32.11.3.rel1.win32_1.1.100.202309141235/tools/bin/../lib/gcc/arm-none-eabi/11.3.1/../../../../arm-none-eabi/lib/thumb/v7e-m+fp/hard\libc_nano.a(libc_a-impure.o)
                0x0000000020002030                _impure_data
 .data._impure_ptr
                0x000000002000207c        0x4 C:/ST/STM32CubeIDE_1.13.2/STM32CubeIDE/plugins/com.st.stm32cube.ide.mcu.externaltools.gnu-tools-for-stm32.11.3.rel1.win32_1.1.100.202309141235/tools/bin/../lib/gcc/arm-none-eabi/11.3.1/../../../../arm-none-eabi/lib/thumb/v7e-m+fp/hard\libc_nano.a(libc_a-impure.o)
                0x000000002000207c                _impure_ptr
 *(.RamFunc)
 *(.RamFunc*)
                0x0000000020002080                . = ALIGN (0x4)
                0x0000000020002080                _edata = .
                0x0000000008020558                _siccmram = LOADADDR (.ccmram)

.igot.plt       0x0000000020002080        0x0 load address 0x0000000008020558
 .igot.plt      0x0000000020002080        0x0 C:/ST/STM32CubeIDE_1.13.2/STM32CubeIDE/plugins/com.st.stm32cube.ide.mcu.externaltools.gnu-tools-for-stm32.11.3.rel1.win32_1.1.100.202309141235/tools/bin/../lib/gcc/arm-none-eabi/11.3.1/thumb/v7e-m+fp/hard/crtbegin.o

.ccmram         0x0000000010000000        0x0 load address 0x0000000008020558
                0x0000000010000000                . = ALIGN (0x4)
                0x0000000010000000                _sccmram = .
 *(.ccmram)
 *(.ccmram*)
                0x0000000010000000                . = ALIGN (0x4)
                0x0000000010000000                _eccmram = .
                0x0000000010000000                . = ALIGN (0x4)

.bss            0x0000000020002080      0x9cc
                0x0000000020002080                _sbss = .
                0x0000000020002080                __bss_start__ = _sbss
 *(.bss)
 .bss           0x0000000020002080       0x1c C:/ST/STM32CubeIDE_1.13.2/STM32CubeIDE/plugins/com.st.stm32cube.ide.mcu.externaltools.gnu-tools-for-stm32.11.3.rel1.win32_1.1.100.202309141235/tools/bin/../lib/gcc/arm-none-eabi/11.3.1/thumb/v7e-m+fp/hard/crtbegin.o
 *(.bss*)
 .bss.gfx_font  0x000000002000209c        0x4 ./Core/Src/SSD1322_OLED_lib/SSD1322_GFX.o
                0x000000002000209c                gfx_font
 .bss.hi2s3     0x00000000200020a0       0x48 ./Core/Src/main.o
                0x00000000200020a0                hi2s3
 .bss.hspi1     0x00000000200020e8       0x58 ./Core/Src/main.o
                0x00000000200020e8                hspi1
 .bss.__sbrk_heap_end
                0x0000000020002140        0x4 ./Core/Src/sysmem.o
 .bss.uwTick    0x0000000020002144        0x4 ./Drivers/STM32F4xx_HAL_Driver/Src/stm32f4xx_hal.o
                0x0000000020002144                uwTick
 .bss.hUsbHostFS
                0x0000000020002148      0x3d8 ./USB_HOST/App/usb_host.o
                0x0000000020002148                hUsbHostFS
 .bss.Appli_state
                0x0000000020002520        0x1 ./USB_HOST/App/usb_host.o
                0x0000000020002520                Appli_state
 *fill*         0x0000000020002521        0x3 
 .bss.hhcd_USB_OTG_FS
                0x0000000020002524      0x3e0 ./USB_HOST/Target/usbh_conf.o
                0x0000000020002524                hhcd_USB_OTG_FS
 .bss.__malloc_free_list
                0x0000000020002904        0x4 C:/ST/STM32CubeIDE_1.13.2/STM32CubeIDE/plugins/com.st.stm32cube.ide.mcu.externaltools.gnu-tools-for-stm32.11.3.rel1.win32_1.1.100.202309141235/tools/bin/../lib/gcc/arm-none-eabi/11.3.1/../../../../arm-none-eabi/lib/thumb/v7e-m+fp/hard\libc_nano.a(libc_a-mallocr.o)
                0x0000000020002904                __malloc_free_list
 .bss.__malloc_sbrk_start
                0x0000000020002908        0x4 C:/ST/STM32CubeIDE_1.13.2/STM32CubeIDE/plugins/com.st.stm32cube.ide.mcu.externaltools.gnu-tools-for-stm32.11.3.rel1.win32_1.1.100.202309141235/tools/bin/../lib/gcc/arm-none-eabi/11.3.1/../../../../arm-none-eabi/lib/thumb/v7e-m+fp/hard\libc_nano.a(libc_a-mallocr.o)
                0x0000000020002908                __malloc_sbrk_start
 .bss.__sf      0x000000002000290c      0x138 C:/ST/STM32CubeIDE_1.13.2/STM32CubeIDE/plugins/com.st.stm32cube.ide.mcu.externaltools.gnu-tools-for-stm32.11.3.rel1.win32_1.1.100.202309141235/tools/bin/../lib/gcc/arm-none-eabi/11.3.1/../../../../arm-none-eabi/lib/thumb/v7e-m+fp/hard\libc_nano.a(libc_a-findfp.o)
                0x000000002000290c                __sf
 .bss.errno     0x0000000020002a44        0x4 C:/ST/STM32CubeIDE_1.13.2/STM32CubeIDE/plugins/com.st.stm32cube.ide.mcu.externaltools.gnu-tools-for-stm32.11.3.rel1.win32_1.1.100.202309141235/tools/bin/../lib/gcc/arm-none-eabi/11.3.1/../../../../arm-none-eabi/lib/thumb/v7e-m+fp/hard\libc_nano.a(libc_a-reent.o)
                0x0000000020002a44                errno
 .bss.__lock___malloc_recursive_mutex
                0x0000000020002a48        0x1 C:/ST/STM32CubeIDE_1.13.2/STM32CubeIDE/plugins/com.st.stm32cube.ide.mcu.externaltools.gnu-tools-for-stm32.11.3.rel1.win32_1.1.100.202309141235/tools/bin/../lib/gcc/arm-none-eabi/11.3.1/../../../../arm-none-eabi/lib/thumb/v7e-m+fp/hard\libc_nano.a(libc_a-lock.o)
                0x0000000020002a48                __lock___malloc_recursive_mutex
 *(COMMON)
                0x0000000020002a4c                . = ALIGN (0x4)
 *fill*         0x0000000020002a49        0x3 
                0x0000000020002a4c                _ebss = .
                0x0000000020002a4c                __bss_end__ = _ebss

._user_heap_stack
                0x0000000020002a4c      0x604
                0x0000000020002a50                . = ALIGN (0x8)
 *fill*         0x0000000020002a4c        0x4 
                [!provide]                        PROVIDE (end = .)
                0x0000000020002a50                PROVIDE (_end = .)
                0x0000000020002c50                . = (. + _Min_Heap_Size)
 *fill*         0x0000000020002a50      0x200 
                0x0000000020003050                . = (. + _Min_Stack_Size)
 *fill*         0x0000000020002c50      0x400 
                0x0000000020003050                . = ALIGN (0x8)

/DISCARD/
 libc.a(*)
 libm.a(*)
 libgcc.a(*)

.ARM.attributes
                0x0000000000000000       0x30
 *(.ARM.attributes)
 .ARM.attributes
                0x0000000000000000       0x1e C:/ST/STM32CubeIDE_1.13.2/STM32CubeIDE/plugins/com.st.stm32cube.ide.mcu.externaltools.gnu-tools-for-stm32.11.3.rel1.win32_1.1.100.202309141235/tools/bin/../lib/gcc/arm-none-eabi/11.3.1/thumb/v7e-m+fp/hard/crti.o
 .ARM.attributes
                0x000000000000001e       0x34 C:/ST/STM32CubeIDE_1.13.2/STM32CubeIDE/plugins/com.st.stm32cube.ide.mcu.externaltools.gnu-tools-for-stm32.11.3.rel1.win32_1.1.100.202309141235/tools/bin/../lib/gcc/arm-none-eabi/11.3.1/thumb/v7e-m+fp/hard/crtbegin.o
 .ARM.attributes
                0x0000000000000052       0x34 ./Core/Src/SSD1322_OLED_lib/SSD1322_API.o
 .ARM.attributes
                0x0000000000000086       0x34 ./Core/Src/SSD1322_OLED_lib/SSD1322_GFX.o
 .ARM.attributes
                0x00000000000000ba       0x34 ./Core/Src/SSD1322_OLED_lib/SSD1322_HW_Driver.o
 .ARM.attributes
                0x00000000000000ee       0x34 ./Core/Src/main.o
 .ARM.attributes
                0x0000000000000122       0x34 ./Core/Src/stm32f4xx_hal_msp.o
 .ARM.attributes
                0x0000000000000156       0x34 ./Core/Src/stm32f4xx_it.o
 .ARM.attributes
                0x000000000000018a       0x34 ./Core/Src/sysmem.o
 .ARM.attributes
                0x00000000000001be       0x34 ./Core/Src/system_stm32f4xx.o
 .ARM.attributes
                0x00000000000001f2       0x21 ./Core/Startup/startup_stm32f407vgtx.o
 .ARM.attributes
                0x0000000000000213       0x34 ./Drivers/STM32F4xx_HAL_Driver/Src/stm32f4xx_hal.o
 .ARM.attributes
                0x0000000000000247       0x34 ./Drivers/STM32F4xx_HAL_Driver/Src/stm32f4xx_hal_cortex.o
 .ARM.attributes
                0x000000000000027b       0x34 ./Drivers/STM32F4xx_HAL_Driver/Src/stm32f4xx_hal_dma.o
 .ARM.attributes
                0x00000000000002af       0x34 ./Drivers/STM32F4xx_HAL_Driver/Src/stm32f4xx_hal_gpio.o
 .ARM.attributes
                0x00000000000002e3       0x34 ./Drivers/STM32F4xx_HAL_Driver/Src/stm32f4xx_hal_hcd.o
 .ARM.attributes
                0x0000000000000317       0x34 ./Drivers/STM32F4xx_HAL_Driver/Src/stm32f4xx_hal_i2s.o
 .ARM.attributes
                0x000000000000034b       0x34 ./Drivers/STM32F4xx_HAL_Driver/Src/stm32f4xx_hal_i2s_ex.o
 .ARM.attributes
                0x000000000000037f       0x34 ./Drivers/STM32F4xx_HAL_Driver/Src/stm32f4xx_hal_rcc.o
 .ARM.attributes
                0x00000000000003b3       0x34 ./Drivers/STM32F4xx_HAL_Driver/Src/stm32f4xx_hal_rcc_ex.o
 .ARM.attributes
                0x00000000000003e7       0x34 ./Drivers/STM32F4xx_HAL_Driver/Src/stm32f4xx_hal_spi.o
 .ARM.attributes
                0x000000000000041b       0x34 ./Drivers/STM32F4xx_HAL_Driver/Src/stm32f4xx_ll_usb.o
 .ARM.attributes
                0x000000000000044f       0x34 ./Middlewares/ST/STM32_USB_Host_Library/Class/CDC/Src/usbh_cdc.o
 .ARM.attributes
                0x0000000000000483       0x34 ./Middlewares/ST/STM32_USB_Host_Library/Core/Src/usbh_core.o
 .ARM.attributes
                0x00000000000004b7       0x34 ./Middlewares/ST/STM32_USB_Host_Library/Core/Src/usbh_ctlreq.o
 .ARM.attributes
                0x00000000000004eb       0x34 ./Middlewares/ST/STM32_USB_Host_Library/Core/Src/usbh_ioreq.o
 .ARM.attributes
                0x000000000000051f       0x34 ./Middlewares/ST/STM32_USB_Host_Library/Core/Src/usbh_pipes.o
 .ARM.attributes
                0x0000000000000553       0x34 ./USB_HOST/App/usb_host.o
 .ARM.attributes
                0x0000000000000587       0x34 ./USB_HOST/Target/usbh_conf.o
 .ARM.attributes
                0x00000000000005bb       0x34 ./USB_HOST/Target/usbh_platform.o
 .ARM.attributes
                0x00000000000005ef       0x34 C:/ST/STM32CubeIDE_1.13.2/STM32CubeIDE/plugins/com.st.stm32cube.ide.mcu.externaltools.gnu-tools-for-stm32.11.3.rel1.win32_1.1.100.202309141235/tools/bin/../lib/gcc/arm-none-eabi/11.3.1/../../../../arm-none-eabi/lib/thumb/v7e-m+fp/hard\libc_nano.a(libc_a-malloc.o)
 .ARM.attributes
                0x0000000000000623       0x34 C:/ST/STM32CubeIDE_1.13.2/STM32CubeIDE/plugins/com.st.stm32cube.ide.mcu.externaltools.gnu-tools-for-stm32.11.3.rel1.win32_1.1.100.202309141235/tools/bin/../lib/gcc/arm-none-eabi/11.3.1/../../../../arm-none-eabi/lib/thumb/v7e-m+fp/hard\libc_nano.a(libc_a-mallocr.o)
 .ARM.attributes
                0x0000000000000657       0x34 C:/ST/STM32CubeIDE_1.13.2/STM32CubeIDE/plugins/com.st.stm32cube.ide.mcu.externaltools.gnu-tools-for-stm32.11.3.rel1.win32_1.1.100.202309141235/tools/bin/../lib/gcc/arm-none-eabi/11.3.1/../../../../arm-none-eabi/lib/thumb/v7e-m+fp/hard\libc_nano.a(libc_a-mlock.o)
 .ARM.attributes
                0x000000000000068b       0x34 C:/ST/STM32CubeIDE_1.13.2/STM32CubeIDE/plugins/com.st.stm32cube.ide.mcu.externaltools.gnu-tools-for-stm32.11.3.rel1.win32_1.1.100.202309141235/tools/bin/../lib/gcc/arm-none-eabi/11.3.1/../../../../arm-none-eabi/lib/thumb/v7e-m+fp/hard\libc_nano.a(libc_a-findfp.o)
 .ARM.attributes
                0x00000000000006bf       0x34 C:/ST/STM32CubeIDE_1.13.2/STM32CubeIDE/plugins/com.st.stm32cube.ide.mcu.externaltools.gnu-tools-for-stm32.11.3.rel1.win32_1.1.100.202309141235/tools/bin/../lib/gcc/arm-none-eabi/11.3.1/../../../../arm-none-eabi/lib/thumb/v7e-m+fp/hard\libc_nano.a(libc_a-memset.o)
 .ARM.attributes
                0x00000000000006f3       0x34 C:/ST/STM32CubeIDE_1.13.2/STM32CubeIDE/plugins/com.st.stm32cube.ide.mcu.externaltools.gnu-tools-for-stm32.11.3.rel1.win32_1.1.100.202309141235/tools/bin/../lib/gcc/arm-none-eabi/11.3.1/../../../../arm-none-eabi/lib/thumb/v7e-m+fp/hard\libc_nano.a(libc_a-reent.o)
 .ARM.attributes
                0x0000000000000727       0x34 C:/ST/STM32CubeIDE_1.13.2/STM32CubeIDE/plugins/com.st.stm32cube.ide.mcu.externaltools.gnu-tools-for-stm32.11.3.rel1.win32_1.1.100.202309141235/tools/bin/../lib/gcc/arm-none-eabi/11.3.1/../../../../arm-none-eabi/lib/thumb/v7e-m+fp/hard\libc_nano.a(libc_a-impure.o)
 .ARM.attributes
                0x000000000000075b       0x34 C:/ST/STM32CubeIDE_1.13.2/STM32CubeIDE/plugins/com.st.stm32cube.ide.mcu.externaltools.gnu-tools-for-stm32.11.3.rel1.win32_1.1.100.202309141235/tools/bin/../lib/gcc/arm-none-eabi/11.3.1/../../../../arm-none-eabi/lib/thumb/v7e-m+fp/hard\libc_nano.a(libc_a-sbrkr.o)
 .ARM.attributes
                0x000000000000078f       0x34 C:/ST/STM32CubeIDE_1.13.2/STM32CubeIDE/plugins/com.st.stm32cube.ide.mcu.externaltools.gnu-tools-for-stm32.11.3.rel1.win32_1.1.100.202309141235/tools/bin/../lib/gcc/arm-none-eabi/11.3.1/../../../../arm-none-eabi/lib/thumb/v7e-m+fp/hard\libc_nano.a(libc_a-errno.o)
 .ARM.attributes
                0x00000000000007c3       0x34 C:/ST/STM32CubeIDE_1.13.2/STM32CubeIDE/plugins/com.st.stm32cube.ide.mcu.externaltools.gnu-tools-for-stm32.11.3.rel1.win32_1.1.100.202309141235/tools/bin/../lib/gcc/arm-none-eabi/11.3.1/../../../../arm-none-eabi/lib/thumb/v7e-m+fp/hard\libc_nano.a(libc_a-init.o)
 .ARM.attributes
                0x00000000000007f7       0x34 C:/ST/STM32CubeIDE_1.13.2/STM32CubeIDE/plugins/com.st.stm32cube.ide.mcu.externaltools.gnu-tools-for-stm32.11.3.rel1.win32_1.1.100.202309141235/tools/bin/../lib/gcc/arm-none-eabi/11.3.1/../../../../arm-none-eabi/lib/thumb/v7e-m+fp/hard\libc_nano.a(libc_a-lock.o)
 .ARM.attributes
                0x000000000000082b       0x34 C:/ST/STM32CubeIDE_1.13.2/STM32CubeIDE/plugins/com.st.stm32cube.ide.mcu.externaltools.gnu-tools-for-stm32.11.3.rel1.win32_1.1.100.202309141235/tools/bin/../lib/gcc/arm-none-eabi/11.3.1/../../../../arm-none-eabi/lib/thumb/v7e-m+fp/hard\libc_nano.a(libc_a-freer.o)
 .ARM.attributes
                0x000000000000085f       0x34 C:/ST/STM32CubeIDE_1.13.2/STM32CubeIDE/plugins/com.st.stm32cube.ide.mcu.externaltools.gnu-tools-for-stm32.11.3.rel1.win32_1.1.100.202309141235/tools/bin/../lib/gcc/arm-none-eabi/11.3.1/../../../../arm-none-eabi/lib/thumb/v7e-m+fp/hard\libm.a(libm_a-s_floor.o)
 .ARM.attributes
                0x0000000000000893       0x1e C:/ST/STM32CubeIDE_1.13.2/STM32CubeIDE/plugins/com.st.stm32cube.ide.mcu.externaltools.gnu-tools-for-stm32.11.3.rel1.win32_1.1.100.202309141235/tools/bin/../lib/gcc/arm-none-eabi/11.3.1/thumb/v7e-m+fp/hard\libgcc.a(_arm_muldf3.o)
 .ARM.attributes
                0x00000000000008b1       0x1e C:/ST/STM32CubeIDE_1.13.2/STM32CubeIDE/plugins/com.st.stm32cube.ide.mcu.externaltools.gnu-tools-for-stm32.11.3.rel1.win32_1.1.100.202309141235/tools/bin/../lib/gcc/arm-none-eabi/11.3.1/thumb/v7e-m+fp/hard\libgcc.a(_arm_addsubdf3.o)
 .ARM.attributes
                0x00000000000008cf       0x1e C:/ST/STM32CubeIDE_1.13.2/STM32CubeIDE/plugins/com.st.stm32cube.ide.mcu.externaltools.gnu-tools-for-stm32.11.3.rel1.win32_1.1.100.202309141235/tools/bin/../lib/gcc/arm-none-eabi/11.3.1/thumb/v7e-m+fp/hard\libgcc.a(_arm_cmpdf2.o)
 .ARM.attributes
                0x00000000000008ed       0x1e C:/ST/STM32CubeIDE_1.13.2/STM32CubeIDE/plugins/com.st.stm32cube.ide.mcu.externaltools.gnu-tools-for-stm32.11.3.rel1.win32_1.1.100.202309141235/tools/bin/../lib/gcc/arm-none-eabi/11.3.1/thumb/v7e-m+fp/hard\libgcc.a(_arm_fixunsdfsi.o)
 .ARM.attributes
                0x000000000000090b       0x1e C:/ST/STM32CubeIDE_1.13.2/STM32CubeIDE/plugins/com.st.stm32cube.ide.mcu.externaltools.gnu-tools-for-stm32.11.3.rel1.win32_1.1.100.202309141235/tools/bin/../lib/gcc/arm-none-eabi/11.3.1/thumb/v7e-m+fp/hard\libgcc.a(_arm_truncdfsf2.o)
 .ARM.attributes
                0x0000000000000929       0x1e C:/ST/STM32CubeIDE_1.13.2/STM32CubeIDE/plugins/com.st.stm32cube.ide.mcu.externaltools.gnu-tools-for-stm32.11.3.rel1.win32_1.1.100.202309141235/tools/bin/../lib/gcc/arm-none-eabi/11.3.1/thumb/v7e-m+fp/hard\libgcc.a(_aeabi_uldivmod.o)
 .ARM.attributes
                0x0000000000000947       0x34 C:/ST/STM32CubeIDE_1.13.2/STM32CubeIDE/plugins/com.st.stm32cube.ide.mcu.externaltools.gnu-tools-for-stm32.11.3.rel1.win32_1.1.100.202309141235/tools/bin/../lib/gcc/arm-none-eabi/11.3.1/thumb/v7e-m+fp/hard\libgcc.a(_udivmoddi4.o)
 .ARM.attributes
                0x000000000000097b       0x1e C:/ST/STM32CubeIDE_1.13.2/STM32CubeIDE/plugins/com.st.stm32cube.ide.mcu.externaltools.gnu-tools-for-stm32.11.3.rel1.win32_1.1.100.202309141235/tools/bin/../lib/gcc/arm-none-eabi/11.3.1/thumb/v7e-m+fp/hard\libgcc.a(_dvmd_tls.o)
 .ARM.attributes
                0x0000000000000999       0x1e C:/ST/STM32CubeIDE_1.13.2/STM32CubeIDE/plugins/com.st.stm32cube.ide.mcu.externaltools.gnu-tools-for-stm32.11.3.rel1.win32_1.1.100.202309141235/tools/bin/../lib/gcc/arm-none-eabi/11.3.1/thumb/v7e-m+fp/hard/crtn.o
OUTPUT(oled1.elf elf32-littlearm)
LOAD linker stubs
LOAD C:/ST/STM32CubeIDE_1.13.2/STM32CubeIDE/plugins/com.st.stm32cube.ide.mcu.externaltools.gnu-tools-for-stm32.11.3.rel1.win32_1.1.100.202309141235/tools/bin/../lib/gcc/arm-none-eabi/11.3.1/../../../../arm-none-eabi/lib/thumb/v7e-m+fp/hard\libc.a
LOAD C:/ST/STM32CubeIDE_1.13.2/STM32CubeIDE/plugins/com.st.stm32cube.ide.mcu.externaltools.gnu-tools-for-stm32.11.3.rel1.win32_1.1.100.202309141235/tools/bin/../lib/gcc/arm-none-eabi/11.3.1/../../../../arm-none-eabi/lib/thumb/v7e-m+fp/hard\libm.a
LOAD C:/ST/STM32CubeIDE_1.13.2/STM32CubeIDE/plugins/com.st.stm32cube.ide.mcu.externaltools.gnu-tools-for-stm32.11.3.rel1.win32_1.1.100.202309141235/tools/bin/../lib/gcc/arm-none-eabi/11.3.1/thumb/v7e-m+fp/hard\libgcc.a

.comment        0x0000000000000000       0x43
 .comment       0x0000000000000000       0x43 C:/ST/STM32CubeIDE_1.13.2/STM32CubeIDE/plugins/com.st.stm32cube.ide.mcu.externaltools.gnu-tools-for-stm32.11.3.rel1.win32_1.1.100.202309141235/tools/bin/../lib/gcc/arm-none-eabi/11.3.1/thumb/v7e-m+fp/hard/crtbegin.o
                                         0x44 (size before relaxing)
 .comment       0x0000000000000043       0x44 ./Core/Src/SSD1322_OLED_lib/SSD1322_API.o
 .comment       0x0000000000000043       0x44 ./Core/Src/SSD1322_OLED_lib/SSD1322_GFX.o
 .comment       0x0000000000000043       0x44 ./Core/Src/SSD1322_OLED_lib/SSD1322_HW_Driver.o
 .comment       0x0000000000000043       0x44 ./Core/Src/main.o
 .comment       0x0000000000000043       0x44 ./Core/Src/stm32f4xx_hal_msp.o
 .comment       0x0000000000000043       0x44 ./Core/Src/stm32f4xx_it.o
 .comment       0x0000000000000043       0x44 ./Core/Src/sysmem.o
 .comment       0x0000000000000043       0x44 ./Core/Src/system_stm32f4xx.o
 .comment       0x0000000000000043       0x44 ./Drivers/STM32F4xx_HAL_Driver/Src/stm32f4xx_hal.o
 .comment       0x0000000000000043       0x44 ./Drivers/STM32F4xx_HAL_Driver/Src/stm32f4xx_hal_cortex.o
 .comment       0x0000000000000043       0x44 ./Drivers/STM32F4xx_HAL_Driver/Src/stm32f4xx_hal_dma.o
 .comment       0x0000000000000043       0x44 ./Drivers/STM32F4xx_HAL_Driver/Src/stm32f4xx_hal_gpio.o
 .comment       0x0000000000000043       0x44 ./Drivers/STM32F4xx_HAL_Driver/Src/stm32f4xx_hal_hcd.o
 .comment       0x0000000000000043       0x44 ./Drivers/STM32F4xx_HAL_Driver/Src/stm32f4xx_hal_i2s.o
 .comment       0x0000000000000043       0x44 ./Drivers/STM32F4xx_HAL_Driver/Src/stm32f4xx_hal_i2s_ex.o
 .comment       0x0000000000000043       0x44 ./Drivers/STM32F4xx_HAL_Driver/Src/stm32f4xx_hal_rcc.o
 .comment       0x0000000000000043       0x44 ./Drivers/STM32F4xx_HAL_Driver/Src/stm32f4xx_hal_rcc_ex.o
 .comment       0x0000000000000043       0x44 ./Drivers/STM32F4xx_HAL_Driver/Src/stm32f4xx_hal_spi.o
 .comment       0x0000000000000043       0x44 ./Drivers/STM32F4xx_HAL_Driver/Src/stm32f4xx_ll_usb.o
 .comment       0x0000000000000043       0x44 ./Middlewares/ST/STM32_USB_Host_Library/Class/CDC/Src/usbh_cdc.o
 .comment       0x0000000000000043       0x44 ./Middlewares/ST/STM32_USB_Host_Library/Core/Src/usbh_core.o
 .comment       0x0000000000000043       0x44 ./Middlewares/ST/STM32_USB_Host_Library/Core/Src/usbh_ctlreq.o
 .comment       0x0000000000000043       0x44 ./Middlewares/ST/STM32_USB_Host_Library/Core/Src/usbh_ioreq.o
 .comment       0x0000000000000043       0x44 ./Middlewares/ST/STM32_USB_Host_Library/Core/Src/usbh_pipes.o
 .comment       0x0000000000000043       0x44 ./USB_HOST/App/usb_host.o
 .comment       0x0000000000000043       0x44 ./USB_HOST/Target/usbh_conf.o
 .comment       0x0000000000000043       0x44 ./USB_HOST/Target/usbh_platform.o

.debug_info     0x0000000000000000    0x14c5d
 .debug_info    0x0000000000000000      0x2fa ./Core/Src/SSD1322_OLED_lib/SSD1322_API.o
 .debug_info    0x00000000000002fa      0xb7d ./Core/Src/SSD1322_OLED_lib/SSD1322_GFX.o
 .debug_info    0x0000000000000e77      0x7bf ./Core/Src/SSD1322_OLED_lib/SSD1322_HW_Driver.o
 .debug_info    0x0000000000001636     0x13ac ./Core/Src/main.o
 .debug_info    0x00000000000029e2      0xf26 ./Core/Src/stm32f4xx_hal_msp.o
 .debug_info    0x0000000000003908      0xb7c ./Core/Src/stm32f4xx_it.o
 .debug_info    0x0000000000004484      0x168 ./Core/Src/sysmem.o
 .debug_info    0x00000000000045ec      0x512 ./Core/Src/system_stm32f4xx.o
 .debug_info    0x0000000000004afe       0x23 ./Core/Startup/startup_stm32f407vgtx.o
 .debug_info    0x0000000000004b21      0x944 ./Drivers/STM32F4xx_HAL_Driver/Src/stm32f4xx_hal.o
 .debug_info    0x0000000000005465      0xd57 ./Drivers/STM32F4xx_HAL_Driver/Src/stm32f4xx_hal_cortex.o
 .debug_info    0x00000000000061bc      0x8e7 ./Drivers/STM32F4xx_HAL_Driver/Src/stm32f4xx_hal_dma.o
 .debug_info    0x0000000000006aa3      0x6c3 ./Drivers/STM32F4xx_HAL_Driver/Src/stm32f4xx_hal_gpio.o
 .debug_info    0x0000000000007166     0x114c ./Drivers/STM32F4xx_HAL_Driver/Src/stm32f4xx_hal_hcd.o
 .debug_info    0x00000000000082b2      0xdf8 ./Drivers/STM32F4xx_HAL_Driver/Src/stm32f4xx_hal_i2s.o
 .debug_info    0x00000000000090aa      0xaeb ./Drivers/STM32F4xx_HAL_Driver/Src/stm32f4xx_hal_i2s_ex.o
 .debug_info    0x0000000000009b95      0x8b1 ./Drivers/STM32F4xx_HAL_Driver/Src/stm32f4xx_hal_rcc.o
 .debug_info    0x000000000000a446      0x53a ./Drivers/STM32F4xx_HAL_Driver/Src/stm32f4xx_hal_rcc_ex.o
 .debug_info    0x000000000000a980     0x15fb ./Drivers/STM32F4xx_HAL_Driver/Src/stm32f4xx_hal_spi.o
 .debug_info    0x000000000000bf7b     0x1993 ./Drivers/STM32F4xx_HAL_Driver/Src/stm32f4xx_ll_usb.o
 .debug_info    0x000000000000d90e     0x1470 ./Middlewares/ST/STM32_USB_Host_Library/Class/CDC/Src/usbh_cdc.o
 .debug_info    0x000000000000ed7e      0xfb2 ./Middlewares/ST/STM32_USB_Host_Library/Core/Src/usbh_core.o
 .debug_info    0x000000000000fd30      0xfa6 ./Middlewares/ST/STM32_USB_Host_Library/Core/Src/usbh_ctlreq.o
 .debug_info    0x0000000000010cd6      0xc2b ./Middlewares/ST/STM32_USB_Host_Library/Core/Src/usbh_ioreq.o
 .debug_info    0x0000000000011901      0xa8e ./Middlewares/ST/STM32_USB_Host_Library/Core/Src/usbh_pipes.o
 .debug_info    0x000000000001238f      0xa10 ./USB_HOST/App/usb_host.o
 .debug_info    0x0000000000012d9f     0x1ce6 ./USB_HOST/Target/usbh_conf.o
 .debug_info    0x0000000000014a85      0x1d8 ./USB_HOST/Target/usbh_platform.o

.debug_abbrev   0x0000000000000000     0x3d59